[H[J[H[J[H[J[H[J[H[J[H[J[H[J[H[J[H[J=== ForgeNet Autopilot Visualization ===
=== ForgeNet Visualization Snapshot — 2026-01-05 10:34:31.048133 ===
Cycles recorded: 1
Entropy Trend:
01 | ██████████████████████████████████████████████████
Solver Trend:
01 | ██████████████████████████████████████████████████
Forecast Trend:
01 | ██████████████████████████████████████████████████
==============================================================

(Refreshing in 120s — Ctrl+C to stop)
=== ForgeNet Autopilot Visualization ===
=== ForgeNet Visualization Snapshot — 2026-01-05 10:36:31.087690 ===
Cycles recorded: 2
Entropy Trend:
01 | █████████████████████████
02 | ██████████████████████████████████████████████████
Solver Trend:
01 | █████████████████████████
02 | ██████████████████████████████████████████████████
Forecast Trend:
01 | █████████████████████████
02 | ██████████████████████████████████████████████████
==============================================================

(Refreshing in 120s — Ctrl+C to stop)
=== ForgeNet Autopilot Visualization ===
=== ForgeNet Visualization Snapshot — 2026-01-05 10:38:31.129294 ===
Cycles recorded: 2
Entropy Trend:
01 | █████████████████████████
02 | ██████████████████████████████████████████████████
Solver Trend:
01 | █████████████████████████
02 | ██████████████████████████████████████████████████
Forecast Trend:
01 | █████████████████████████
02 | ██████████████████████████████████████████████████
==============================================================

(Refreshing in 120s — Ctrl+C to stop)
=== ForgeNet Autopilot Visualization ===
=== ForgeNet Visualization Snapshot — 2026-01-05 10:40:31.161641 ===
Cycles recorded: 2
Entropy Trend:
01 | █████████████████████████
02 | ██████████████████████████████████████████████████
Solver Trend:
01 | █████████████████████████
02 | ██████████████████████████████████████████████████
Forecast Trend:
01 | █████████████████████████
02 | ██████████████████████████████████████████████████
==============================================================

(Refreshing in 120s — Ctrl+C to stop)
=== ForgeNet Autopilot Visualization ===
=== ForgeNet Visualization Snapshot — 2026-01-05 10:42:31.190838 ===
Cycles recorded: 2
Entropy Trend:
01 | █████████████████████████
02 | ██████████████████████████████████████████████████
Solver Trend:
01 | █████████████████████████
02 | ██████████████████████████████████████████████████
Forecast Trend:
01 | █████████████████████████
02 | ██████████████████████████████████████████████████
==============================================================

(Refreshing in 120s — Ctrl+C to stop)
=== ForgeNet Autopilot Visualization ===
=== ForgeNet Visualization Snapshot — 2026-01-05 10:44:31.226511 ===
Cycles recorded: 2
Entropy Trend:
01 | █████████████████████████
02 | ██████████████████████████████████████████████████
Solver Trend:
01 | █████████████████████████
02 | ██████████████████████████████████████████████████
Forecast Trend:
01 | █████████████████████████
02 | ██████████████████████████████████████████████████
==============================================================

(Refreshing in 120s — Ctrl+C to stop)
=== ForgeNet Autopilot Visualization ===
=== ForgeNet Visualization Snapshot — 2026-01-05 10:46:31.255924 ===
Cycles recorded: 2
Entropy Trend:
01 | █████████████████████████
02 | ██████████████████████████████████████████████████
Solver Trend:
01 | █████████████████████████
02 | ██████████████████████████████████████████████████
Forecast Trend:
01 | █████████████████████████
02 | ██████████████████████████████████████████████████
==============================================================

(Refreshing in 120s — Ctrl+C to stop)
=== ForgeNet Autopilot Visualization ===
=== ForgeNet Visualization Snapshot — 2026-01-05 10:48:31.305795 ===
Cycles recorded: 2
Entropy Trend:
01 | █████████████████████████
02 | ██████████████████████████████████████████████████
Solver Trend:
01 | █████████████████████████
02 | ██████████████████████████████████████████████████
Forecast Trend:
01 | █████████████████████████
02 | ██████████████████████████████████████████████████
==============================================================

(Refreshing in 120s — Ctrl+C to stop)
=== ForgeNet Autopilot Visualization ===
=== ForgeNet Visualization Snapshot — 2026-01-05 10:50:31.370781 ===
Cycles recorded: 2
Entropy Trend:
01 | █████████████████████████
02 | ██████████████████████████████████████████████████
Solver Trend:
01 | █████████████████████████
02 | ██████████████████████████████████████████████████
Forecast Trend:
01 | █████████████████████████
02 | ██████████████████████████████████████████████████
==============================================================[H[J[H[J[H[J[H[J[H[J[H[J[H[J[H[J

(Refreshing in 120s — Ctrl+C to stop)
=== ForgeNet Autopilot Visualization ===
=== ForgeNet Visualization Snapshot — 2026-01-05 10:52:31.411192 ===
Cycles recorded: 2
Entropy Trend:
01 | █████████████████████████
02 | ██████████████████████████████████████████████████
Solver Trend:
01 | █████████████████████████
02 | ██████████████████████████████████████████████████
Forecast Trend:
01 | █████████████████████████
02 | ██████████████████████████████████████████████████
==============================================================

(Refreshing in 120s — Ctrl+C to stop)
=== ForgeNet Autopilot Visualization ===
=== ForgeNet Visualization Snapshot — 2026-01-05 10:54:31.446912 ===
Cycles recorded: 2
Entropy Trend:
01 | █████████████████████████
02 | ██████████████████████████████████████████████████
Solver Trend:
01 | █████████████████████████
02 | ██████████████████████████████████████████████████
Forecast Trend:
01 | █████████████████████████
02 | ██████████████████████████████████████████████████
==============================================================

(Refreshing in 120s — Ctrl+C to stop)
=== ForgeNet Autopilot Visualization ===
=== ForgeNet Visualization Snapshot — 2026-01-05 10:56:31.527294 ===
Cycles recorded: 2
Entropy Trend:
01 | █████████████████████████
02 | ██████████████████████████████████████████████████
Solver Trend:
01 | █████████████████████████
02 | ██████████████████████████████████████████████████
Forecast Trend:
01 | █████████████████████████
02 | ██████████████████████████████████████████████████
==============================================================

(Refreshing in 120s — Ctrl+C to stop)
=== ForgeNet Autopilot Visualization ===
=== ForgeNet Visualization Snapshot — 2026-01-05 10:58:31.588699 ===
Cycles recorded: 2
Entropy Trend:
01 | █████████████████████████
02 | ██████████████████████████████████████████████████
Solver Trend:
01 | █████████████████████████
02 | ██████████████████████████████████████████████████
Forecast Trend:
01 | █████████████████████████
02 | ██████████████████████████████████████████████████
==============================================================

(Refreshing in 120s — Ctrl+C to stop)
=== ForgeNet Autopilot Visualization ===
=== ForgeNet Visualization Snapshot — 2026-01-05 11:00:31.663722 ===
Cycles recorded: 2
Entropy Trend:
01 | █████████████████████████
02 | ██████████████████████████████████████████████████
Solver Trend:
01 | █████████████████████████
02 | ██████████████████████████████████████████████████
Forecast Trend:
01 | █████████████████████████
02 | ██████████████████████████████████████████████████
==============================================================

(Refreshing in 120s — Ctrl+C to stop)
=== ForgeNet Autopilot Visualization ===
=== ForgeNet Visualization Snapshot — 2026-01-05 11:02:31.713879 ===
Cycles recorded: 2
Entropy Trend:
01 | █████████████████████████
02 | ██████████████████████████████████████████████████
Solver Trend:
01 | █████████████████████████
02 | ██████████████████████████████████████████████████
Forecast Trend:
01 | █████████████████████████
02 | ██████████████████████████████████████████████████
==============================================================

(Refreshing in 120s — Ctrl+C to stop)
=== ForgeNet Autopilot Visualization ===
=== ForgeNet Visualization Snapshot — 2026-01-05 11:04:31.737426 ===
Cycles recorded: 3
Entropy Trend:
01 | ████████████████
02 | █████████████████████████████████
03 | ██████████████████████████████████████████████████
Solver Trend:
01 | █████████████████████████
02 | ██████████████████████████████████████████████████
Forecast Trend:
01 | █████████████████████████
02 | ██████████████████████████████████████████████████
==============================================================

(Refreshing in 120s — Ctrl+C to stop)
=== ForgeNet Autopilot Visualization ===
=== ForgeNet Visualization Snapshot — 2026-01-05 11:06:31.777631 ===
Cycles recorded: 3
Entropy Trend:
01 | ████████████████
02 | █████████████████████████████████
03 | ██████████████████████████████████████████████████
Solver Trend:
01 | ████████████████
02 | █████████████████████████████████
03 | ██████████████████████████████████████████████████
Forecast Trend:
01 | ████████████████
02 | █████████████████████████████████
03 | ██████████████████████████████████████████████████
==============================================================[H[J[H[J[H[J[H[J[H[J[H[J[H[J

(Refreshing in 120s — Ctrl+C to stop)
=== ForgeNet Autopilot Visualization ===
=== ForgeNet Visualization Snapshot — 2026-01-05 11:08:31.841994 ===
Cycles recorded: 3
Entropy Trend:
01 | ████████████████
02 | █████████████████████████████████
03 | ██████████████████████████████████████████████████
Solver Trend:
01 | ████████████████
02 | █████████████████████████████████
03 | ██████████████████████████████████████████████████
Forecast Trend:
01 | ████████████████
02 | █████████████████████████████████
03 | ██████████████████████████████████████████████████
==============================================================

(Refreshing in 120s — Ctrl+C to stop)
=== ForgeNet Autopilot Visualization ===
=== ForgeNet Visualization Snapshot — 2026-01-05 11:10:31.895338 ===
Cycles recorded: 3
Entropy Trend:
01 | ████████████████
02 | █████████████████████████████████
03 | ██████████████████████████████████████████████████
Solver Trend:
01 | ████████████████
02 | █████████████████████████████████
03 | ██████████████████████████████████████████████████
Forecast Trend:
01 | ████████████████
02 | █████████████████████████████████
03 | ██████████████████████████████████████████████████
==============================================================

(Refreshing in 120s — Ctrl+C to stop)
=== ForgeNet Autopilot Visualization ===
=== ForgeNet Visualization Snapshot — 2026-01-05 11:12:31.957640 ===
Cycles recorded: 3
Entropy Trend:
01 | ████████████████
02 | █████████████████████████████████
03 | ██████████████████████████████████████████████████
Solver Trend:
01 | ████████████████
02 | █████████████████████████████████
03 | ██████████████████████████████████████████████████
Forecast Trend:
01 | ████████████████
02 | █████████████████████████████████
03 | ██████████████████████████████████████████████████
==============================================================

(Refreshing in 120s — Ctrl+C to stop)
=== ForgeNet Autopilot Visualization ===
=== ForgeNet Visualization Snapshot — 2026-01-05 11:14:31.997379 ===
Cycles recorded: 3
Entropy Trend:
01 | ████████████████
02 | █████████████████████████████████
03 | ██████████████████████████████████████████████████
Solver Trend:
01 | ████████████████
02 | █████████████████████████████████
03 | ██████████████████████████████████████████████████
Forecast Trend:
01 | ████████████████
02 | █████████████████████████████████
03 | ██████████████████████████████████████████████████
==============================================================

(Refreshing in 120s — Ctrl+C to stop)
=== ForgeNet Autopilot Visualization ===
=== ForgeNet Visualization Snapshot — 2026-01-05 11:16:32.033629 ===
Cycles recorded: 3
Entropy Trend:
01 | ████████████████
02 | █████████████████████████████████
03 | ██████████████████████████████████████████████████
Solver Trend:
01 | ████████████████
02 | █████████████████████████████████
03 | ██████████████████████████████████████████████████
Forecast Trend:
01 | ████████████████
02 | █████████████████████████████████
03 | ██████████████████████████████████████████████████
==============================================================

(Refreshing in 120s — Ctrl+C to stop)
=== ForgeNet Autopilot Visualization ===
=== ForgeNet Visualization Snapshot — 2026-01-05 11:18:32.114917 ===
Cycles recorded: 3
Entropy Trend:
01 | ████████████████
02 | █████████████████████████████████
03 | ██████████████████████████████████████████████████
Solver Trend:
01 | ████████████████
02 | █████████████████████████████████
03 | ██████████████████████████████████████████████████
Forecast Trend:
01 | ████████████████
02 | █████████████████████████████████
03 | ██████████████████████████████████████████████████
==============================================================

(Refreshing in 120s — Ctrl+C to stop)
=== ForgeNet Autopilot Visualization ===
=== ForgeNet Visualization Snapshot — 2026-01-05 11:20:32.192218 ===
Cycles recorded: 3
Entropy Trend:
01 | ████████████████
02 | █████████████████████████████████
03 | ██████████████████████████████████████████████████
Solver Trend:
01 | ████████████████
02 | █████████████████████████████████
03 | ██████████████████████████████████████████████████
Forecast Trend:
01 | ████████████████
02 | █████████████████████████████████
03 | ██████████████████████████████████████████████████
==============================================================[H[J[H[J[H[J[H[J[H[J[H[J[H[J

(Refreshing in 120s — Ctrl+C to stop)
=== ForgeNet Autopilot Visualization ===
=== ForgeNet Visualization Snapshot — 2026-01-05 11:22:32.235272 ===
Cycles recorded: 3
Entropy Trend:
01 | ████████████████
02 | █████████████████████████████████
03 | ██████████████████████████████████████████████████
Solver Trend:
01 | ████████████████
02 | █████████████████████████████████
03 | ██████████████████████████████████████████████████
Forecast Trend:
01 | ████████████████
02 | █████████████████████████████████
03 | ██████████████████████████████████████████████████
==============================================================

(Refreshing in 120s — Ctrl+C to stop)
=== ForgeNet Autopilot Visualization ===
=== ForgeNet Visualization Snapshot — 2026-01-05 11:24:32.267474 ===
Cycles recorded: 3
Entropy Trend:
01 | ████████████████
02 | █████████████████████████████████
03 | ██████████████████████████████████████████████████
Solver Trend:
01 | ████████████████
02 | █████████████████████████████████
03 | ██████████████████████████████████████████████████
Forecast Trend:
01 | ████████████████
02 | █████████████████████████████████
03 | ██████████████████████████████████████████████████
==============================================================

(Refreshing in 120s — Ctrl+C to stop)
=== ForgeNet Autopilot Visualization ===
=== ForgeNet Visualization Snapshot — 2026-01-05 11:26:32.305108 ===
Cycles recorded: 3
Entropy Trend:
01 | ████████████████
02 | █████████████████████████████████
03 | ██████████████████████████████████████████████████
Solver Trend:
01 | ████████████████
02 | █████████████████████████████████
03 | ██████████████████████████████████████████████████
Forecast Trend:
01 | ████████████████
02 | █████████████████████████████████
03 | ██████████████████████████████████████████████████
==============================================================

(Refreshing in 120s — Ctrl+C to stop)
=== ForgeNet Autopilot Visualization ===
=== ForgeNet Visualization Snapshot — 2026-01-05 11:28:32.351674 ===
Cycles recorded: 3
Entropy Trend:
01 | ████████████████
02 | █████████████████████████████████
03 | ██████████████████████████████████████████████████
Solver Trend:
01 | ████████████████
02 | █████████████████████████████████
03 | ██████████████████████████████████████████████████
Forecast Trend:
01 | ████████████████
02 | █████████████████████████████████
03 | ██████████████████████████████████████████████████
==============================================================

(Refreshing in 120s — Ctrl+C to stop)
=== ForgeNet Autopilot Visualization ===
=== ForgeNet Visualization Snapshot — 2026-01-05 11:30:32.379885 ===
Cycles recorded: 3
Entropy Trend:
01 | ████████████████
02 | █████████████████████████████████
03 | ██████████████████████████████████████████████████
Solver Trend:
01 | ████████████████
02 | █████████████████████████████████
03 | ██████████████████████████████████████████████████
Forecast Trend:
01 | ████████████████
02 | █████████████████████████████████
03 | ██████████████████████████████████████████████████
==============================================================

(Refreshing in 120s — Ctrl+C to stop)
=== ForgeNet Autopilot Visualization ===
=== ForgeNet Visualization Snapshot — 2026-01-05 11:32:32.430226 ===
Cycles recorded: 3
Entropy Trend:
01 | ████████████████
02 | █████████████████████████████████
03 | ██████████████████████████████████████████████████
Solver Trend:
01 | ████████████████
02 | █████████████████████████████████
03 | ██████████████████████████████████████████████████
Forecast Trend:
01 | ████████████████
02 | █████████████████████████████████
03 | ██████████████████████████████████████████████████
==============================================================

(Refreshing in 120s — Ctrl+C to stop)
=== ForgeNet Autopilot Visualization ===
=== ForgeNet Visualization Snapshot — 2026-01-05 11:34:32.466287 ===
Cycles recorded: 4
Entropy Trend:
01 | ████████████
02 | █████████████████████████
03 | █████████████████████████████████████
04 | ██████████████████████████████████████████████████
Solver Trend:
01 | ████████████
02 | █████████████████████████
03 | █████████████████████████████████████
04 | ██████████████████████████████████████████████████
Forecast Trend:
01 | ████████████
02 | █████████████████████████
03 | █████████████████████████████████████
04 | ██████████████████████████████████████████████████
==============================================================[H[J[H[J[H[J[H[J[H[J[H[J

(Refreshing in 120s — Ctrl+C to stop)
=== ForgeNet Autopilot Visualization ===
=== ForgeNet Visualization Snapshot — 2026-01-05 11:36:32.506930 ===
Cycles recorded: 4
Entropy Trend:
01 | ████████████
02 | █████████████████████████
03 | █████████████████████████████████████
04 | ██████████████████████████████████████████████████
Solver Trend:
01 | ████████████
02 | █████████████████████████
03 | █████████████████████████████████████
04 | ██████████████████████████████████████████████████
Forecast Trend:
01 | ████████████
02 | █████████████████████████
03 | █████████████████████████████████████
04 | ██████████████████████████████████████████████████
==============================================================

(Refreshing in 120s — Ctrl+C to stop)
=== ForgeNet Autopilot Visualization ===
=== ForgeNet Visualization Snapshot — 2026-01-05 11:38:32.557310 ===
Cycles recorded: 4
Entropy Trend:
01 | ████████████
02 | █████████████████████████
03 | █████████████████████████████████████
04 | ██████████████████████████████████████████████████
Solver Trend:
01 | ████████████
02 | █████████████████████████
03 | █████████████████████████████████████
04 | ██████████████████████████████████████████████████
Forecast Trend:
01 | ████████████
02 | █████████████████████████
03 | █████████████████████████████████████
04 | ██████████████████████████████████████████████████
==============================================================

(Refreshing in 120s — Ctrl+C to stop)
=== ForgeNet Autopilot Visualization ===
=== ForgeNet Visualization Snapshot — 2026-01-05 11:40:32.580251 ===
Cycles recorded: 4
Entropy Trend:
01 | ████████████
02 | █████████████████████████
03 | █████████████████████████████████████
04 | ██████████████████████████████████████████████████
Solver Trend:
01 | ████████████
02 | █████████████████████████
03 | █████████████████████████████████████
04 | ██████████████████████████████████████████████████
Forecast Trend:
01 | ████████████
02 | █████████████████████████
03 | █████████████████████████████████████
04 | ██████████████████████████████████████████████████
==============================================================

(Refreshing in 120s — Ctrl+C to stop)
=== ForgeNet Autopilot Visualization ===
=== ForgeNet Visualization Snapshot — 2026-01-05 11:42:32.630422 ===
Cycles recorded: 4
Entropy Trend:
01 | ████████████
02 | █████████████████████████
03 | █████████████████████████████████████
04 | ██████████████████████████████████████████████████
Solver Trend:
01 | ████████████
02 | █████████████████████████
03 | █████████████████████████████████████
04 | ██████████████████████████████████████████████████
Forecast Trend:
01 | ████████████
02 | █████████████████████████
03 | █████████████████████████████████████
04 | ██████████████████████████████████████████████████
==============================================================

(Refreshing in 120s — Ctrl+C to stop)
=== ForgeNet Autopilot Visualization ===
=== ForgeNet Visualization Snapshot — 2026-01-05 11:44:32.674309 ===
Cycles recorded: 4
Entropy Trend:
01 | ████████████
02 | █████████████████████████
03 | █████████████████████████████████████
04 | ██████████████████████████████████████████████████
Solver Trend:
01 | ████████████
02 | █████████████████████████
03 | █████████████████████████████████████
04 | ██████████████████████████████████████████████████
Forecast Trend:
01 | ████████████
02 | █████████████████████████
03 | █████████████████████████████████████
04 | ██████████████████████████████████████████████████
==============================================================

(Refreshing in 120s — Ctrl+C to stop)
=== ForgeNet Autopilot Visualization ===
=== ForgeNet Visualization Snapshot — 2026-01-05 11:46:32.721234 ===
Cycles recorded: 4
Entropy Trend:
01 | ████████████
02 | █████████████████████████
03 | █████████████████████████████████████
04 | ██████████████████████████████████████████████████
Solver Trend:
01 | ████████████
02 | █████████████████████████
03 | █████████████████████████████████████
04 | ██████████████████████████████████████████████████
Forecast Trend:
01 | ████████████
02 | █████████████████████████
03 | █████████████████████████████████████
04 | ██████████████████████████████████████████████████
==============================================================[H[J[H[J[H[J[H[J[H[J[H[J

(Refreshing in 120s — Ctrl+C to stop)
=== ForgeNet Autopilot Visualization ===
=== ForgeNet Visualization Snapshot — 2026-01-05 11:48:32.780904 ===
Cycles recorded: 4
Entropy Trend:
01 | ████████████
02 | █████████████████████████
03 | █████████████████████████████████████
04 | ██████████████████████████████████████████████████
Solver Trend:
01 | ████████████
02 | █████████████████████████
03 | █████████████████████████████████████
04 | ██████████████████████████████████████████████████
Forecast Trend:
01 | ████████████
02 | █████████████████████████
03 | █████████████████████████████████████
04 | ██████████████████████████████████████████████████
==============================================================

(Refreshing in 120s — Ctrl+C to stop)
=== ForgeNet Autopilot Visualization ===
=== ForgeNet Visualization Snapshot — 2026-01-05 11:50:32.864090 ===
Cycles recorded: 4
Entropy Trend:
01 | ████████████
02 | █████████████████████████
03 | █████████████████████████████████████
04 | ██████████████████████████████████████████████████
Solver Trend:
01 | ████████████
02 | █████████████████████████
03 | █████████████████████████████████████
04 | ██████████████████████████████████████████████████
Forecast Trend:
01 | ████████████
02 | █████████████████████████
03 | █████████████████████████████████████
04 | ██████████████████████████████████████████████████
==============================================================

(Refreshing in 120s — Ctrl+C to stop)
=== ForgeNet Autopilot Visualization ===
=== ForgeNet Visualization Snapshot — 2026-01-05 11:52:32.907968 ===
Cycles recorded: 4
Entropy Trend:
01 | ████████████
02 | █████████████████████████
03 | █████████████████████████████████████
04 | ██████████████████████████████████████████████████
Solver Trend:
01 | ████████████
02 | █████████████████████████
03 | █████████████████████████████████████
04 | ██████████████████████████████████████████████████
Forecast Trend:
01 | ████████████
02 | █████████████████████████
03 | █████████████████████████████████████
04 | ██████████████████████████████████████████████████
==============================================================

(Refreshing in 120s — Ctrl+C to stop)
=== ForgeNet Autopilot Visualization ===
=== ForgeNet Visualization Snapshot — 2026-01-05 11:54:32.952658 ===
Cycles recorded: 4
Entropy Trend:
01 | ████████████
02 | █████████████████████████
03 | █████████████████████████████████████
04 | ██████████████████████████████████████████████████
Solver Trend:
01 | ████████████
02 | █████████████████████████
03 | █████████████████████████████████████
04 | ██████████████████████████████████████████████████
Forecast Trend:
01 | ████████████
02 | █████████████████████████
03 | █████████████████████████████████████
04 | ██████████████████████████████████████████████████
==============================================================

(Refreshing in 120s — Ctrl+C to stop)
=== ForgeNet Autopilot Visualization ===
=== ForgeNet Visualization Snapshot — 2026-01-05 11:56:33.011680 ===
Cycles recorded: 4
Entropy Trend:
01 | ████████████
02 | █████████████████████████
03 | █████████████████████████████████████
04 | ██████████████████████████████████████████████████
Solver Trend:
01 | ████████████
02 | █████████████████████████
03 | █████████████████████████████████████
04 | ██████████████████████████████████████████████████
Forecast Trend:
01 | ████████████
02 | █████████████████████████
03 | █████████████████████████████████████
04 | ██████████████████████████████████████████████████
==============================================================

(Refreshing in 120s — Ctrl+C to stop)
=== ForgeNet Autopilot Visualization ===
=== ForgeNet Visualization Snapshot — 2026-01-05 11:58:33.040313 ===
Cycles recorded: 4
Entropy Trend:
01 | ████████████
02 | █████████████████████████
03 | █████████████████████████████████████
04 | ██████████████████████████████████████████████████
Solver Trend:
01 | ████████████
02 | █████████████████████████
03 | █████████████████████████████████████
04 | ██████████████████████████████████████████████████
Forecast Trend:
01 | ████████████
02 | █████████████████████████
03 | █████████████████████████████████████
04 | ██████████████████████████████████████████████████
==============================================================[H[J[H[J[H[J[H[J