============================================================
🤖 ForgeNet Autonomous Cycle — 2026-01-05 11:58:25
============================================================
🔁 Updating master data...
✅ ForgeNet master dataset written → /data/data/com.termux/files/home/forge/forgenet_master.csv
⚠️ Matplotlib not available — ASCII graph fallback:
00 | h1=███ (3.997) | h2= (0.000)
01 | h1=███ (3.997) | h2= (0.000)
02 | h1=███ (3.997) | h2= (0.000)
03 | h1=███ (3.997) | h2= (0.000)
04 | h1=███ (3.997) | h2= (0.000)
05 | h1=███ (3.997) | h2= (0.000)
06 | h1=███ (3.997) | h2= (0.000)
07 | h1=███ (3.997) | h2= (0.000)
08 | h1=███ (3.997) | h2= (0.000)
09 | h1=███ (3.997) | h2= (0.000)
10 | h1=███ (3.997) | h2= (0.000)
11 | h1=███ (3.997) | h2= (0.000)
12 | h1=███ (3.997) | h2= (0.000)
13 | h1=███ (3.997) | h2= (0.000)
14 | h1=███ (3.997) | h2= (0.000)
15 | h1=███ (3.997) | h2= (0.000)
16 | h1=███ (3.997) | h2= (0.000)
17 | h1=███ (3.997) | h2= (0.000)
18 | h1=███ (3.997) | h2= (0.000)
19 | h1=███ (3.997) | h2= (0.000)
20 | h1=███ (3.997) | h2= (0.000)
21 | h1=███ (3.997) | h2= (0.000)
22 | h1=███ (3.997) | h2= (0.000)
23 | h1=███ (3.997) | h2= (0.000)
24 | h1=███ (3.997) | h2= (0.000)
25 | h1=███ (3.997) | h2= (0.000)
26 | h1=███ (3.997) | h2= (0.000)
27 | h1=███ (3.997) | h2= (0.000)
28 | h1=███ (3.997) | h2= (0.000)
29 | h1=███ (3.997) | h2= (0.000)
🧠 Running cognitive loop...
=== Forge Cognitive Loop — 2026-01-05 11:58:25.516670 ===
Avg signal from last reflections: -1.000
Stability index now: -0.412
Learning rate: 0.203
Interpretation: 🌿 Neutral phase — steady pattern consolidation.
========================================================
🎨 Refreshing creativity timeline...
============================================================
🌐  Generating ForgeVision Dashboard...
📅  Timestamp: 2026-01-05 11:58:25
============================================================
cut: the delimiter must be a single character
Try 'cut --help' for more information.
✅ ForgeVision Dashboard created → /data/data/com.termux/files/home/forge/ForgeVision.html
Open it in your browser via:
👉  file:///data/data/com.termux/files/home/forge/ForgeVision.html
🌍 Pushing to GitHub Pages...
============================================================
🌍 ForgeNet GitHub Pages Sync — 2026-01-05 11:58:25
============================================================
Already on 'gh-pages'
[gh-pages 8522207] ForgeVision auto-update — 2026-01-05 11:58:25
 2 files changed, 28 insertions(+), 2 deletions(-)
✅ ForgeVision published to GitHub Pages.
🌐 Visit your live dashboard at:
👉  https://AETAERNA.github.io/ForgeNet/ForgeVision.html
✅ Cycle complete — next in 10 min
============================================================
============================================================
🤖 ForgeNet Autonomous Cycle — 2026-01-05 12:18:35
============================================================
🔁 Updating master data...
✅ ForgeNet master dataset written → /data/data/com.termux/files/home/forge/forgenet_master.csv
⚠️ Matplotlib not available — ASCII graph fallback:
00 | h1=███ (3.997) | h2= (0.000)
01 | h1=███ (3.997) | h2= (0.000)
02 | h1=███ (3.997) | h2= (0.000)
03 | h1=███ (3.997) | h2= (0.000)
04 | h1=███ (3.997) | h2= (0.000)
05 | h1=███ (3.997) | h2= (0.000)
06 | h1=███ (3.997) | h2= (0.000)
07 | h1=███ (3.997) | h2= (0.000)
08 | h1=███ (3.997) | h2= (0.000)
09 | h1=███ (3.997) | h2= (0.000)
10 | h1=███ (3.997) | h2= (0.000)
11 | h1=███ (3.997) | h2= (0.000)
12 | h1=███ (3.997) | h2= (0.000)
13 | h1=███ (3.997) | h2= (0.000)
14 | h1=███ (3.997) | h2= (0.000)
15 | h1=███ (3.997) | h2= (0.000)
16 | h1=███ (3.997) | h2= (0.000)
17 | h1=███ (3.997) | h2= (0.000)
18 | h1=███ (3.997) | h2= (0.000)
19 | h1=███ (3.997) | h2= (0.000)
20 | h1=███ (3.997) | h2= (0.000)
21 | h1=███ (3.997) | h2= (0.000)
22 | h1=███ (3.997) | h2= (0.000)
23 | h1=███ (3.997) | h2= (0.000)
24 | h1=███ (3.997) | h2= (0.000)
25 | h1=███ (3.997) | h2= (0.000)
26 | h1=███ (3.997) | h2= (0.000)
27 | h1=███ (3.997) | h2= (0.000)
28 | h1=███ (3.997) | h2= (0.000)
29 | h1=███ (3.997) | h2= (0.000)
🧠 Running cognitive loop...
=== Forge Cognitive Loop — 2026-01-05 12:18:36.255183 ===
Avg signal from last reflections: -1.000
Stability index now: -2.000
Learning rate: 0.214
Interpretation: ⚡ Pattern instability detected — entropy response adapting.
========================================================
🎨 Refreshing creativity timeline...
============================================================
🌐  Generating ForgeVision Dashboard...
📅  Timestamp: 2026-01-05 12:18:36
============================================================
cut: the delimiter must be a single character
Try 'cut --help' for more information.
✅ ForgeVision Dashboard created → /data/data/com.termux/files/home/forge/ForgeVision.html
Open it in your browser via:
👉  file:///data/data/com.termux/files/home/forge/ForgeVision.html
🌍 Pushing to GitHub Pages...
============================================================
🌍 ForgeNet GitHub Pages Sync — 2026-01-05 12:18:36
============================================================
Already on 'gh-pages'
[gh-pages 0eb5977] ForgeVision auto-update — 2026-01-05 12:18:36
 3 files changed, 20 insertions(+), 4 deletions(-)
✅ ForgeVision published to GitHub Pages.
🌐 Visit your live dashboard at:
👉  https://AETAERNA.github.io/ForgeNet/ForgeVision.html
✅ Cycle complete — next in 10 min
============================================================
🔁 Starting next cycle — 2026-01-05 12:28:37
✅ ForgeNet master dataset written → /data/data/com.termux/files/home/forge/forgenet_master.csv
⚠️ Matplotlib not available — ASCII graph fallback:
00 | h1=███ (3.997) | h2= (0.000)
01 | h1=███ (3.997) | h2= (0.000)
02 | h1=███ (3.997) | h2= (0.000)
03 | h1=███ (3.997) | h2= (0.000)
04 | h1=███ (3.997) | h2= (0.000)
05 | h1=███ (3.997) | h2= (0.000)
06 | h1=███ (3.997) | h2= (0.000)
07 | h1=███ (3.997) | h2= (0.000)
08 | h1=███ (3.997) | h2= (0.000)
09 | h1=███ (3.997) | h2= (0.000)
10 | h1=███ (3.997) | h2= (0.000)
11 | h1=███ (3.997) | h2= (0.000)
12 | h1=███ (3.997) | h2= (0.000)
13 | h1=███ (3.997) | h2= (0.000)
14 | h1=███ (3.997) | h2= (0.000)
15 | h1=███ (3.997) | h2= (0.000)
16 | h1=███ (3.997) | h2= (0.000)
17 | h1=███ (3.997) | h2= (0.000)
18 | h1=███ (3.997) | h2= (0.000)
19 | h1=███ (3.997) | h2= (0.000)
20 | h1=███ (3.997) | h2= (0.000)
21 | h1=███ (3.997) | h2= (0.000)
22 | h1=███ (3.997) | h2= (0.000)
23 | h1=███ (3.997) | h2= (0.000)
24 | h1=███ (3.997) | h2= (0.000)
25 | h1=███ (3.997) | h2= (0.000)
26 | h1=███ (3.997) | h2= (0.000)
27 | h1=███ (3.997) | h2= (0.000)
28 | h1=███ (3.997) | h2= (0.000)
29 | h1=███ (3.997) | h2= (0.000)
=== Forge Cognitive Loop — 2026-01-05 12:28:38.119673 ===
Avg signal from last reflections: -1.000
Stability index now: -2.000
Learning rate: 0.213
Interpretation: ⚡ Pattern instability detected — entropy response adapting.
========================================================
============================================================
🌐  Generating ForgeVision Dashboard...
📅  Timestamp: 2026-01-05 12:28:38
============================================================
cut: the delimiter must be a single character
Try 'cut --help' for more information.
✅ ForgeVision Dashboard created → /data/data/com.termux/files/home/forge/ForgeVision.html
Open it in your browser via:
👉  file:///data/data/com.termux/files/home/forge/ForgeVision.html
============================================================
🌍 ForgeNet GitHub Pages Sync — 2026-01-05 12:28:38
============================================================
Already on 'gh-pages'
M	exports/ForgeVision.html
[gh-pages 6c10614] ForgeVision auto-update — 2026-01-05 12:28:38
 2 files changed, 48 insertions(+), 39 deletions(-)
✅ ForgeVision published to GitHub Pages.
🌐 Visit your live dashboard at:
👉  https://AETAERNA.github.io/ForgeNet/ForgeVision.html
✅ Cycle complete — waiting 10 minutes...
🔁 Starting next cycle — 2026-01-05 12:38:39
✅ ForgeNet master dataset written → /data/data/com.termux/files/home/forge/forgenet_master.csv
⚠️ Matplotlib not available — ASCII graph fallback:
00 | h1=███ (3.997) | h2= (0.000)
01 | h1=███ (3.997) | h2= (0.000)
02 | h1=███ (3.997) | h2= (0.000)
03 | h1=███ (3.997) | h2= (0.000)
04 | h1=███ (3.997) | h2= (0.000)
05 | h1=███ (3.997) | h2= (0.000)
06 | h1=███ (3.997) | h2= (0.000)
07 | h1=███ (3.997) | h2= (0.000)
08 | h1=███ (3.997) | h2= (0.000)
09 | h1=███ (3.997) | h2= (0.000)
10 | h1=███ (3.997) | h2= (0.000)
11 | h1=███ (3.997) | h2= (0.000)
12 | h1=███ (3.997) | h2= (0.000)
13 | h1=███ (3.997) | h2= (0.000)
14 | h1=███ (3.997) | h2= (0.000)
15 | h1=███ (3.997) | h2= (0.000)
16 | h1=███ (3.997) | h2= (0.000)
17 | h1=███ (3.997) | h2= (0.000)
18 | h1=███ (3.997) | h2= (0.000)
19 | h1=███ (3.997) | h2= (0.000)
20 | h1=███ (3.997) | h2= (0.000)
21 | h1=███ (3.997) | h2= (0.000)
22 | h1=███ (3.997) | h2= (0.000)
23 | h1=███ (3.997) | h2= (0.000)
24 | h1=███ (3.997) | h2= (0.000)
25 | h1=███ (3.997) | h2= (0.000)
26 | h1=███ (3.997) | h2= (0.000)
27 | h1=███ (3.997) | h2= (0.000)
28 | h1=███ (3.997) | h2= (0.000)
29 | h1=███ (3.997) | h2= (0.000)
=== Forge Cognitive Loop — 2026-01-05 12:38:40.160935 ===
Avg signal from last reflections: -1.000
Stability index now: -2.000
Learning rate: 0.228
Interpretation: ⚡ Pattern instability detected — entropy response adapting.
========================================================
============================================================
🌐  Generating ForgeVision Dashboard...
📅  Timestamp: 2026-01-05 12:38:40
============================================================
cut: the delimiter must be a single character
Try 'cut --help' for more information.
✅ ForgeVision Dashboard created → /data/data/com.termux/files/home/forge/ForgeVision.html
Open it in your browser via:
👉  file:///data/data/com.termux/files/home/forge/ForgeVision.html
============================================================
🌍 ForgeNet GitHub Pages Sync — 2026-01-05 12:38:40
============================================================
Already on 'gh-pages'
[gh-pages c91b076] ForgeVision auto-update — 2026-01-05 12:38:40
 1 file changed, 2 insertions(+), 2 deletions(-)
✅ ForgeVision published to GitHub Pages.
🌐 Visit your live dashboard at:
👉  https://AETAERNA.github.io/ForgeNet/ForgeVision.html
✅ Cycle complete — waiting 10 minutes...
🔁 Starting next cycle — 2026-01-05 12:48:41
✅ ForgeNet master dataset written → /data/data/com.termux/files/home/forge/forgenet_master.csv
⚠️ Matplotlib not available — ASCII graph fallback:
00 | h1=███ (3.997) | h2= (0.000)
01 | h1=███ (3.997) | h2= (0.000)
02 | h1=███ (3.997) | h2= (0.000)
03 | h1=███ (3.997) | h2= (0.000)
04 | h1=███ (3.997) | h2= (0.000)
05 | h1=███ (3.997) | h2= (0.000)
06 | h1=███ (3.997) | h2= (0.000)
07 | h1=███ (3.997) | h2= (0.000)
08 | h1=███ (3.997) | h2= (0.000)
09 | h1=███ (3.997) | h2= (0.000)
10 | h1=███ (3.997) | h2= (0.000)
11 | h1=███ (3.997) | h2= (0.000)
12 | h1=███ (3.997) | h2= (0.000)
13 | h1=███ (3.997) | h2= (0.000)
14 | h1=███ (3.997) | h2= (0.000)
15 | h1=███ (3.997) | h2= (0.000)
16 | h1=███ (3.997) | h2= (0.000)
17 | h1=███ (3.997) | h2= (0.000)
18 | h1=███ (3.997) | h2= (0.000)
19 | h1=███ (3.997) | h2= (0.000)
20 | h1=███ (3.997) | h2= (0.000)
21 | h1=███ (3.997) | h2= (0.000)
22 | h1=███ (3.997) | h2= (0.000)
23 | h1=███ (3.997) | h2= (0.000)
24 | h1=███ (3.997) | h2= (0.000)
25 | h1=███ (3.997) | h2= (0.000)
26 | h1=███ (3.997) | h2= (0.000)
27 | h1=███ (3.997) | h2= (0.000)
28 | h1=███ (3.997) | h2= (0.000)
29 | h1=███ (3.997) | h2= (0.000)
=== Forge Cognitive Loop — 2026-01-05 12:48:41.906917 ===
Avg signal from last reflections: -1.000
Stability index now: -2.000
Learning rate: 0.245
Interpretation: ⚡ Pattern instability detected — entropy response adapting.
========================================================
============================================================
🌐  Generating ForgeVision Dashboard...
📅  Timestamp: 2026-01-05 12:48:41
============================================================
cut: the delimiter must be a single character
Try 'cut --help' for more information.
✅ ForgeVision Dashboard created → /data/data/com.termux/files/home/forge/ForgeVision.html
Open it in your browser via:
👉  file:///data/data/com.termux/files/home/forge/ForgeVision.html
============================================================
🌍 ForgeNet GitHub Pages Sync — 2026-01-05 12:48:42
============================================================
Already on 'gh-pages'
[gh-pages b4600fd] ForgeVision auto-update — 2026-01-05 12:48:42
 1 file changed, 2 insertions(+), 2 deletions(-)
✅ ForgeVision published to GitHub Pages.
🌐 Visit your live dashboard at:
👉  https://AETAERNA.github.io/ForgeNet/ForgeVision.html
✅ Cycle complete — waiting 10 minutes...
🔁 Starting next cycle — 2026-01-05 12:58:43
✅ ForgeNet master dataset written → /data/data/com.termux/files/home/forge/forgenet_master.csv
⚠️ Matplotlib not available — ASCII graph fallback:
00 | h1=███ (3.997) | h2= (0.000)
01 | h1=███ (3.997) | h2= (0.000)
02 | h1=███ (3.997) | h2= (0.000)
03 | h1=███ (3.997) | h2= (0.000)
04 | h1=███ (3.997) | h2= (0.000)
05 | h1=███ (3.997) | h2= (0.000)
06 | h1=███ (3.997) | h2= (0.000)
07 | h1=███ (3.997) | h2= (0.000)
08 | h1=███ (3.997) | h2= (0.000)
09 | h1=███ (3.997) | h2= (0.000)
10 | h1=███ (3.997) | h2= (0.000)
11 | h1=███ (3.997) | h2= (0.000)
12 | h1=███ (3.997) | h2= (0.000)
13 | h1=███ (3.997) | h2= (0.000)
14 | h1=███ (3.997) | h2= (0.000)
15 | h1=███ (3.997) | h2= (0.000)
16 | h1=███ (3.997) | h2= (0.000)
17 | h1=███ (3.997) | h2= (0.000)
18 | h1=███ (3.997) | h2= (0.000)
19 | h1=███ (3.997) | h2= (0.000)
20 | h1=███ (3.997) | h2= (0.000)
21 | h1=███ (3.997) | h2= (0.000)
22 | h1=███ (3.997) | h2= (0.000)
23 | h1=███ (3.997) | h2= (0.000)
24 | h1=███ (3.997) | h2= (0.000)
25 | h1=███ (3.997) | h2= (0.000)
26 | h1=███ (3.997) | h2= (0.000)
27 | h1=███ (3.997) | h2= (0.000)
28 | h1=███ (3.997) | h2= (0.000)
29 | h1=███ (3.997) | h2= (0.000)
=== Forge Cognitive Loop — 2026-01-05 12:58:43.521172 ===
Avg signal from last reflections: -1.000
Stability index now: -2.000
Learning rate: 0.257
Interpretation: ⚡ Pattern instability detected — entropy response adapting.
========================================================
============================================================
🌐  Generating ForgeVision Dashboard...
📅  Timestamp: 2026-01-05 12:58:43
============================================================
cut: the delimiter must be a single character
Try 'cut --help' for more information.
✅ ForgeVision Dashboard created → /data/data/com.termux/files/home/forge/ForgeVision.html
Open it in your browser via:
👉  file:///data/data/com.termux/files/home/forge/ForgeVision.html
============================================================
🌍 ForgeNet GitHub Pages Sync — 2026-01-05 12:58:43
============================================================
Already on 'gh-pages'
[gh-pages 3d6e7a4] ForgeVision auto-update — 2026-01-05 12:58:43
 1 file changed, 2 insertions(+), 2 deletions(-)
✅ ForgeVision published to GitHub Pages.
🌐 Visit your live dashboard at:
👉  https://AETAERNA.github.io/ForgeNet/ForgeVision.html
✅ Cycle complete — waiting 10 minutes...
🔁 Starting next cycle — 2026-01-05 13:08:45
✅ ForgeNet master dataset written → /data/data/com.termux/files/home/forge/forgenet_master.csv
⚠️ Matplotlib not available — ASCII graph fallback:
00 | h1=███ (3.997) | h2= (0.000)
01 | h1=███ (3.997) | h2= (0.000)
02 | h1=███ (3.997) | h2= (0.000)
03 | h1=███ (3.997) | h2= (0.000)
04 | h1=███ (3.997) | h2= (0.000)
05 | h1=███ (3.997) | h2= (0.000)
06 | h1=███ (3.997) | h2= (0.000)
07 | h1=███ (3.997) | h2= (0.000)
08 | h1=███ (3.997) | h2= (0.000)
09 | h1=███ (3.997) | h2= (0.000)
10 | h1=███ (3.997) | h2= (0.000)
11 | h1=███ (3.997) | h2= (0.000)
12 | h1=███ (3.997) | h2= (0.000)
13 | h1=███ (3.997) | h2= (0.000)
14 | h1=███ (3.997) | h2= (0.000)
15 | h1=███ (3.997) | h2= (0.000)
16 | h1=███ (3.997) | h2= (0.000)
17 | h1=███ (3.997) | h2= (0.000)
18 | h1=███ (3.997) | h2= (0.000)
19 | h1=███ (3.997) | h2= (0.000)
20 | h1=███ (3.997) | h2= (0.000)
21 | h1=███ (3.997) | h2= (0.000)
22 | h1=███ (3.997) | h2= (0.000)
23 | h1=███ (3.997) | h2= (0.000)
24 | h1=███ (3.997) | h2= (0.000)
25 | h1=███ (3.997) | h2= (0.000)
26 | h1=███ (3.997) | h2= (0.000)
27 | h1=███ (3.997) | h2= (0.000)
28 | h1=███ (3.997) | h2= (0.000)
29 | h1=███ (3.997) | h2= (0.000)
=== Forge Cognitive Loop — 2026-01-05 13:08:45.627814 ===
Avg signal from last reflections: -1.000
Stability index now: -2.000
Learning rate: 0.246
Interpretation: ⚡ Pattern instability detected — entropy response adapting.
========================================================
============================================================
🌐  Generating ForgeVision Dashboard...
📅  Timestamp: 2026-01-05 13:08:45
============================================================
cut: the delimiter must be a single character
Try 'cut --help' for more information.
✅ ForgeVision Dashboard created → /data/data/com.termux/files/home/forge/ForgeVision.html
Open it in your browser via:
👉  file:///data/data/com.termux/files/home/forge/ForgeVision.html
============================================================
🌍 ForgeNet GitHub Pages Sync — 2026-01-05 13:08:45
============================================================
fatal: Unable to create '/data/data/com.termux/files/home/ForgeNet/.git/index.lock': File exists.

Another git process seems to be running in this repository, e.g.
an editor opened by 'git commit'. Please make sure all processes
are terminated then try again. If it still fails, a git process
may have crashed in this repository earlier:
remove the file manually to continue.
fatal: Unable to create '/data/data/com.termux/files/home/ForgeNet/.git/index.lock': File exists.

Another git process seems to be running in this repository, e.g.
an editor opened by 'git commit'. Please make sure all processes
are terminated then try again. If it still fails, a git process
may have crashed in this repository earlier:
remove the file manually to continue.
fatal: Unable to create '/data/data/com.termux/files/home/ForgeNet/.git/index.lock': File exists.

Another git process seems to be running in this repository, e.g.
an editor opened by 'git commit'. Please make sure all processes
are terminated then try again. If it still fails, a git process
may have crashed in this repository earlier:
remove the file manually to continue.
✅ ForgeVision published to GitHub Pages.
🌐 Visit your live dashboard at:
👉  https://AETAERNA.github.io/ForgeNet/ForgeVision.html
✅ Cycle complete — waiting 10 minutes...
🔁 Starting next cycle — 2026-01-05 13:18:47
✅ ForgeNet master dataset written → /data/data/com.termux/files/home/forge/forgenet_master.csv
⚠️ Matplotlib not available — ASCII graph fallback:
00 | h1=███ (3.997) | h2= (0.000)
01 | h1=███ (3.997) | h2= (0.000)
02 | h1=███ (3.997) | h2= (0.000)
03 | h1=███ (3.997) | h2= (0.000)
04 | h1=███ (3.997) | h2= (0.000)
05 | h1=███ (3.997) | h2= (0.000)
06 | h1=███ (3.997) | h2= (0.000)
07 | h1=███ (3.997) | h2= (0.000)
08 | h1=███ (3.997) | h2= (0.000)
09 | h1=███ (3.997) | h2= (0.000)
10 | h1=███ (3.997) | h2= (0.000)
11 | h1=███ (3.997) | h2= (0.000)
12 | h1=███ (3.997) | h2= (0.000)
13 | h1=███ (3.997) | h2= (0.000)
14 | h1=███ (3.997) | h2= (0.000)
15 | h1=███ (3.997) | h2= (0.000)
16 | h1=███ (3.997) | h2= (0.000)
17 | h1=███ (3.997) | h2= (0.000)
18 | h1=███ (3.997) | h2= (0.000)
19 | h1=███ (3.997) | h2= (0.000)
20 | h1=███ (3.997) | h2= (0.000)
21 | h1=███ (3.997) | h2= (0.000)
22 | h1=███ (3.997) | h2= (0.000)
23 | h1=███ (3.997) | h2= (0.000)
24 | h1=███ (3.997) | h2= (0.000)
25 | h1=███ (3.997) | h2= (0.000)
26 | h1=███ (3.997) | h2= (0.000)
27 | h1=███ (3.997) | h2= (0.000)
28 | h1=███ (3.997) | h2= (0.000)
29 | h1=███ (3.997) | h2= (0.000)
=== Forge Cognitive Loop — 2026-01-05 13:18:47.871853 ===
Avg signal from last reflections: -1.000
Stability index now: -2.000
Learning rate: 0.253
Interpretation: ⚡ Pattern instability detected — entropy response adapting.
========================================================
============================================================
🌐  Generating ForgeVision Dashboard...
📅  Timestamp: 2026-01-05 13:18:47
============================================================
cut: the delimiter must be a single character
Try 'cut --help' for more information.
✅ ForgeVision Dashboard created → /data/data/com.termux/files/home/forge/ForgeVision.html
Open it in your browser via:
👉  file:///data/data/com.termux/files/home/forge/ForgeVision.html
============================================================
🌍 ForgeNet GitHub Pages Sync — 2026-01-05 13:18:48
============================================================
fatal: Unable to create '/data/data/com.termux/files/home/ForgeNet/.git/index.lock': File exists.

Another git process seems to be running in this repository, e.g.
an editor opened by 'git commit'. Please make sure all processes
are terminated then try again. If it still fails, a git process
may have crashed in this repository earlier:
remove the file manually to continue.
fatal: Unable to create '/data/data/com.termux/files/home/ForgeNet/.git/index.lock': File exists.

Another git process seems to be running in this repository, e.g.
an editor opened by 'git commit'. Please make sure all processes
are terminated then try again. If it still fails, a git process
may have crashed in this repository earlier:
remove the file manually to continue.
fatal: Unable to create '/data/data/com.termux/files/home/ForgeNet/.git/index.lock': File exists.

Another git process seems to be running in this repository, e.g.
an editor opened by 'git commit'. Please make sure all processes
are terminated then try again. If it still fails, a git process
may have crashed in this repository earlier:
remove the file manually to continue.
✅ ForgeVision published to GitHub Pages.
🌐 Visit your live dashboard at:
👉  https://AETAERNA.github.io/ForgeNet/ForgeVision.html
✅ Cycle complete — waiting 10 minutes...
