=== Autopilot Startup Mon Jan  5 12:31:18 CST 2026 ===
[!] Bridge missing — restarting...
[!] Server missing — restarting...
🚀 Launching ForgeVision Live Web Server on http://localhost:8000
🔁 Auto-refresh every 60 seconds
[OK] System healthy at Mon Jan  5 12:31:18 CST 2026
✅ ForgeVision Live Web Server started — view in browser:
👉  http://localhost:8000
📜 Log: /data/data/com.termux/files/home/forge/forgevision_server.log
============================================================
=== Autopilot Startup Mon Jan  5 12:32:25 CST 2026 ===
[!] Server missing — restarting...
[OK] System healthy at Mon Jan  5 12:32:25 CST 2026
🚀 Launching ForgeVision Live Web Server on http://localhost:8000
🔁 Auto-refresh every 60 seconds
[GitHub Sync] Triggered at Mon Jan  5 12:32:25 CST 2026
✅ ForgeVision Live Web Server started — view in browser:
👉  http://localhost:8000
📜 Log: /data/data/com.termux/files/home/forge/forgevision_server.log
============================================================
[!] Server missing — restarting...
[OK] System healthy at Mon Jan  5 12:33:18 CST 2026
🚀 Launching ForgeVision Live Web Server on http://localhost:8000
🔁 Auto-refresh every 60 seconds
✅ ForgeVision Live Web Server started — view in browser:
👉  http://localhost:8000
📜 Log: /data/data/com.termux/files/home/forge/forgevision_server.log
============================================================
=== Autopilot Startup Mon Jan  5 12:34:03 CST 2026 ===
[!] Server missing — restarting...
[OK] System healthy at Mon Jan  5 12:34:03 CST 2026
🚀 Launching ForgeVision Live Web Server on http://localhost:8000
🔁 Auto-refresh every 60 seconds
✅ ForgeVision Live Web Server started — view in browser:
👉  http://localhost:8000
📜 Log: /data/data/com.termux/files/home/forge/forgevision_server.log
============================================================
✅ Analytics JSON exported → /data/data/com.termux/files/home/forge/forgevision_analytics.json
[!] Server missing — restarting...
[OK] System healthy at Mon Jan  5 12:34:25 CST 2026
🚀 Launching ForgeVision Live Web Server on http://localhost:8000
🔁 Auto-refresh every 60 seconds
✅ ForgeVision Live Web Server started — view in browser:
👉  http://localhost:8000
📜 Log: /data/data/com.termux/files/home/forge/forgevision_server.log
============================================================
[!] Server missing — restarting...
[OK] System healthy at Mon Jan  5 12:35:18 CST 2026
🚀 Launching ForgeVision Live Web Server on http://localhost:8000
🔁 Auto-refresh every 60 seconds
✅ ForgeVision Live Web Server started — view in browser:
👉  http://localhost:8000
📜 Log: /data/data/com.termux/files/home/forge/forgevision_server.log
============================================================
[!] Server missing — restarting...
🚀 Launching ForgeVision Live Web Server on http://localhost:8000
🔁 Auto-refresh every 60 seconds
[OK] System healthy at Mon Jan  5 12:36:03 CST 2026
✅ ForgeVision Live Web Server started — view in browser:
👉  http://localhost:8000
📜 Log: /data/data/com.termux/files/home/forge/forgevision_server.log
============================================================
✅ Analytics JSON exported → /data/data/com.termux/files/home/forge/forgevision_analytics.json
[!] Server missing — restarting...
[OK] System healthy at Mon Jan  5 12:36:26 CST 2026
🚀 Launching ForgeVision Live Web Server on http://localhost:8000
🔁 Auto-refresh every 60 seconds
✅ ForgeVision Live Web Server started — view in browser:
👉  http://localhost:8000
📜 Log: /data/data/com.termux/files/home/forge/forgevision_server.log
============================================================
[!] Server missing — restarting...
[OK] System healthy at Mon Jan  5 12:37:18 CST 2026
🚀 Launching ForgeVision Live Web Server on http://localhost:8000
🔁 Auto-refresh every 60 seconds
✅ ForgeVision Live Web Server started — view in browser:
👉  http://localhost:8000
📜 Log: /data/data/com.termux/files/home/forge/forgevision_server.log
============================================================
[!] Server missing — restarting...
[OK] System healthy at Mon Jan  5 12:38:04 CST 2026
🚀 Launching ForgeVision Live Web Server on http://localhost:8000
🔁 Auto-refresh every 60 seconds
✅ ForgeVision Live Web Server started — view in browser:
👉  http://localhost:8000
📜 Log: /data/data/com.termux/files/home/forge/forgevision_server.log
============================================================
✅ Analytics JSON exported → /data/data/com.termux/files/home/forge/forgevision_analytics.json
[!] Server missing — restarting...
[OK] System healthy at Mon Jan  5 12:38:26 CST 2026
🚀 Launching ForgeVision Live Web Server on http://localhost:8000
🔁 Auto-refresh every 60 seconds
✅ ForgeVision Live Web Server started — view in browser:
👉  http://localhost:8000
📜 Log: /data/data/com.termux/files/home/forge/forgevision_server.log
============================================================
[!] Server missing — restarting...
[OK] System healthy at Mon Jan  5 12:39:18 CST 2026
🚀 Launching ForgeVision Live Web Server on http://localhost:8000
🔁 Auto-refresh every 60 seconds
✅ ForgeVision Live Web Server started — view in browser:
👉  http://localhost:8000
📜 Log: /data/data/com.termux/files/home/forge/forgevision_server.log
============================================================
[!] Server missing — restarting...
[OK] System healthy at Mon Jan  5 12:40:04 CST 2026
🚀 Launching ForgeVision Live Web Server on http://localhost:8000
🔁 Auto-refresh every 60 seconds
✅ ForgeVision Live Web Server started — view in browser:
👉  http://localhost:8000
📜 Log: /data/data/com.termux/files/home/forge/forgevision_server.log
============================================================
✅ Analytics JSON exported → /data/data/com.termux/files/home/forge/forgevision_analytics.json
[!] Server missing — restarting...
[OK] System healthy at Mon Jan  5 12:40:26 CST 2026
🚀 Launching ForgeVision Live Web Server on http://localhost:8000
🔁 Auto-refresh every 60 seconds
✅ ForgeVision Live Web Server started — view in browser:
👉  http://localhost:8000
📜 Log: /data/data/com.termux/files/home/forge/forgevision_server.log
============================================================
[!] Server missing — restarting...
[OK] System healthy at Mon Jan  5 12:41:18 CST 2026
🚀 Launching ForgeVision Live Web Server on http://localhost:8000
🔁 Auto-refresh every 60 seconds
✅ ForgeVision Live Web Server started — view in browser:
👉  http://localhost:8000
📜 Log: /data/data/com.termux/files/home/forge/forgevision_server.log
============================================================
[!] Server missing — restarting...
[OK] System healthy at Mon Jan  5 12:42:04 CST 2026
🚀 Launching ForgeVision Live Web Server on http://localhost:8000
🔁 Auto-refresh every 60 seconds
✅ ForgeVision Live Web Server started — view in browser:
👉  http://localhost:8000
📜 Log: /data/data/com.termux/files/home/forge/forgevision_server.log
============================================================
✅ Analytics JSON exported → /data/data/com.termux/files/home/forge/forgevision_analytics.json
[!] Server missing — restarting...
[OK] System healthy at Mon Jan  5 12:42:26 CST 2026
🚀 Launching ForgeVision Live Web Server on http://localhost:8000
🔁 Auto-refresh every 60 seconds
✅ ForgeVision Live Web Server started — view in browser:
👉  http://localhost:8000
📜 Log: /data/data/com.termux/files/home/forge/forgevision_server.log
============================================================
[!] Server missing — restarting...
[OK] System healthy at Mon Jan  5 12:43:18 CST 2026
🚀 Launching ForgeVision Live Web Server on http://localhost:8000
🔁 Auto-refresh every 60 seconds
✅ ForgeVision Live Web Server started — view in browser:
👉  http://localhost:8000
📜 Log: /data/data/com.termux/files/home/forge/forgevision_server.log
============================================================
[!] Server missing — restarting...
[OK] System healthy at Mon Jan  5 12:44:04 CST 2026
🚀 Launching ForgeVision Live Web Server on http://localhost:8000
🔁 Auto-refresh every 60 seconds
✅ ForgeVision Live Web Server started — view in browser:
👉  http://localhost:8000
📜 Log: /data/data/com.termux/files/home/forge/forgevision_server.log
============================================================
✅ Analytics JSON exported → /data/data/com.termux/files/home/forge/forgevision_analytics.json
[!] Server missing — restarting...
[OK] System healthy at Mon Jan  5 12:44:26 CST 2026
🚀 Launching ForgeVision Live Web Server on http://localhost:8000
🔁 Auto-refresh every 60 seconds
✅ ForgeVision Live Web Server started — view in browser:
👉  http://localhost:8000
📜 Log: /data/data/com.termux/files/home/forge/forgevision_server.log
============================================================
[!] Server missing — restarting...
[OK] System healthy at Mon Jan  5 12:45:18 CST 2026
🚀 Launching ForgeVision Live Web Server on http://localhost:8000
🔁 Auto-refresh every 60 seconds
✅ ForgeVision Live Web Server started — view in browser:
👉  http://localhost:8000
📜 Log: /data/data/com.termux/files/home/forge/forgevision_server.log
============================================================
[!] Server missing — restarting...
[OK] System healthy at Mon Jan  5 12:46:05 CST 2026
🚀 Launching ForgeVision Live Web Server on http://localhost:8000
🔁 Auto-refresh every 60 seconds
✅ ForgeVision Live Web Server started — view in browser:
👉  http://localhost:8000
📜 Log: /data/data/com.termux/files/home/forge/forgevision_server.log
============================================================
✅ Analytics JSON exported → /data/data/com.termux/files/home/forge/forgevision_analytics.json
[!] Server missing — restarting...
[OK] System healthy at Mon Jan  5 12:46:26 CST 2026
🚀 Launching ForgeVision Live Web Server on http://localhost:8000
🔁 Auto-refresh every 60 seconds
✅ ForgeVision Live Web Server started — view in browser:
👉  http://localhost:8000
📜 Log: /data/data/com.termux/files/home/forge/forgevision_server.log
============================================================
[!] Server missing — restarting...
[OK] System healthy at Mon Jan  5 12:47:18 CST 2026
🚀 Launching ForgeVision Live Web Server on http://localhost:8000
🔁 Auto-refresh every 60 seconds
✅ ForgeVision Live Web Server started — view in browser:
👉  http://localhost:8000
📜 Log: /data/data/com.termux/files/home/forge/forgevision_server.log
============================================================
[!] Server missing — restarting...
[OK] System healthy at Mon Jan  5 12:48:05 CST 2026
🚀 Launching ForgeVision Live Web Server on http://localhost:8000
🔁 Auto-refresh every 60 seconds
✅ ForgeVision Live Web Server started — view in browser:
👉  http://localhost:8000
📜 Log: /data/data/com.termux/files/home/forge/forgevision_server.log
============================================================
✅ Analytics JSON exported → /data/data/com.termux/files/home/forge/forgevision_analytics.json
[!] Server missing — restarting...
[OK] System healthy at Mon Jan  5 12:48:26 CST 2026
🚀 Launching ForgeVision Live Web Server on http://localhost:8000
🔁 Auto-refresh every 60 seconds
✅ ForgeVision Live Web Server started — view in browser:
👉  http://localhost:8000
📜 Log: /data/data/com.termux/files/home/forge/forgevision_server.log
============================================================
[!] Server missing — restarting...
[OK] System healthy at Mon Jan  5 12:49:18 CST 2026
🚀 Launching ForgeVision Live Web Server on http://localhost:8000
🔁 Auto-refresh every 60 seconds
✅ ForgeVision Live Web Server started — view in browser:
👉  http://localhost:8000
📜 Log: /data/data/com.termux/files/home/forge/forgevision_server.log
============================================================
[!] Server missing — restarting...
[OK] System healthy at Mon Jan  5 12:50:05 CST 2026
🚀 Launching ForgeVision Live Web Server on http://localhost:8000
🔁 Auto-refresh every 60 seconds
✅ ForgeVision Live Web Server started — view in browser:
👉  http://localhost:8000
📜 Log: /data/data/com.termux/files/home/forge/forgevision_server.log
============================================================
✅ Analytics JSON exported → /data/data/com.termux/files/home/forge/forgevision_analytics.json
[!] Server missing — restarting...
[OK] System healthy at Mon Jan  5 12:50:26 CST 2026
🚀 Launching ForgeVision Live Web Server on http://localhost:8000
🔁 Auto-refresh every 60 seconds
✅ ForgeVision Live Web Server started — view in browser:
👉  http://localhost:8000
📜 Log: /data/data/com.termux/files/home/forge/forgevision_server.log
============================================================
[!] Server missing — restarting...
🚀 Launching ForgeVision Live Web Server on http://localhost:8000
🔁 Auto-refresh every 60 seconds
[OK] System healthy at Mon Jan  5 12:51:18 CST 2026
✅ ForgeVision Live Web Server started — view in browser:
👉  http://localhost:8000
📜 Log: /data/data/com.termux/files/home/forge/forgevision_server.log
============================================================
=== Autopilot Startup Mon Jan  5 12:51:46 CST 2026 ===
[!] Server missing — restarting...
🚀 Launching ForgeVision Live Web Server on http://localhost:8000
🔁 Auto-refresh every 60 seconds
[OK] System healthy at Mon Jan  5 12:51:46 CST 2026
✅ ForgeVision Live Web Server started — view in browser:
👉  http://localhost:8000
📜 Log: /data/data/com.termux/files/home/forge/forgevision_server.log
============================================================
✅ Analytics JSON exported → /data/data/com.termux/files/home/forge/forgevision_analytics.json
Traceback (most recent call last):
  File "/data/data/com.termux/files/home/forge/forgenet_voice.py", line 6, in <module>
    import os, re, time, termuxapi, speech_recognition as sr
ModuleNotFoundError: No module named 'termuxapi'
[!] Server missing — restarting...
[OK] System healthy at Mon Jan  5 12:52:05 CST 2026
🚀 Launching ForgeVision Live Web Server on http://localhost:8000
🔁 Auto-refresh every 60 seconds
✅ ForgeVision Live Web Server started — view in browser:
👉  http://localhost:8000
📜 Log: /data/data/com.termux/files/home/forge/forgevision_server.log
============================================================
✅ Analytics JSON exported → /data/data/com.termux/files/home/forge/forgevision_analytics.json
[!] Server missing — restarting...
[OK] System healthy at Mon Jan  5 12:52:26 CST 2026
🚀 Launching ForgeVision Live Web Server on http://localhost:8000
🔁 Auto-refresh every 60 seconds
✅ ForgeVision Live Web Server started — view in browser:
👉  http://localhost:8000
📜 Log: /data/data/com.termux/files/home/forge/forgevision_server.log
============================================================
[!] Server missing — restarting...
[OK] System healthy at Mon Jan  5 12:52:48 CST 2026
🚀 Launching ForgeVision Live Web Server on http://localhost:8000
🔁 Auto-refresh every 60 seconds
✅ ForgeVision Live Web Server started — view in browser:
👉  http://localhost:8000
📜 Log: /data/data/com.termux/files/home/forge/forgevision_server.log
============================================================
✅ Analytics JSON exported → /data/data/com.termux/files/home/forge/forgevision_analytics.json
Traceback (most recent call last):
  File "/data/data/com.termux/files/home/forge/forgenet_voice.py", line 6, in <module>
    import os, re, time, termuxapi, speech_recognition as sr
ModuleNotFoundError: No module named 'termuxapi'
[!] Server missing — restarting...
[OK] System healthy at Mon Jan  5 12:53:19 CST 2026
🚀 Launching ForgeVision Live Web Server on http://localhost:8000
🔁 Auto-refresh every 60 seconds
✅ ForgeVision Live Web Server started — view in browser:
👉  http://localhost:8000
📜 Log: /data/data/com.termux/files/home/forge/forgevision_server.log
============================================================
[!] Server missing — restarting...
[OK] System healthy at Mon Jan  5 12:54:05 CST 2026
🚀 Launching ForgeVision Live Web Server on http://localhost:8000
🔁 Auto-refresh every 60 seconds
✅ ForgeVision Live Web Server started — view in browser:
👉  http://localhost:8000
📜 Log: /data/data/com.termux/files/home/forge/forgevision_server.log
============================================================
✅ Analytics JSON exported → /data/data/com.termux/files/home/forge/forgevision_analytics.json
[!] Server missing — restarting...
[OK] System healthy at Mon Jan  5 12:54:26 CST 2026
🚀 Launching ForgeVision Live Web Server on http://localhost:8000
🔁 Auto-refresh every 60 seconds
✅ ForgeVision Live Web Server started — view in browser:
👉  http://localhost:8000
📜 Log: /data/data/com.termux/files/home/forge/forgevision_server.log
============================================================
[!] Server missing — restarting...
[OK] System healthy at Mon Jan  5 12:55:19 CST 2026
🚀 Launching ForgeVision Live Web Server on http://localhost:8000
🔁 Auto-refresh every 60 seconds
✅ ForgeVision Live Web Server started — view in browser:
👉  http://localhost:8000
📜 Log: /data/data/com.termux/files/home/forge/forgevision_server.log
============================================================
=== Autopilot Startup Mon Jan  5 12:56:04 CST 2026 ===
[!] Server missing — restarting...
[OK] System healthy at Mon Jan  5 12:56:04 CST 2026
🚀 Launching ForgeVision Live Web Server on http://localhost:8000
🔁 Auto-refresh every 60 seconds
✅ ForgeVision Live Web Server started — view in browser:
👉  http://localhost:8000
📜 Log: /data/data/com.termux/files/home/forge/forgevision_server.log
============================================================
✅ Analytics JSON exported → /data/data/com.termux/files/home/forge/forgevision_analytics.json
Traceback (most recent call last):
  File "/data/data/com.termux/files/home/forge/forgenet_voice.py", line 6, in <module>
    import os, re, time, termuxapi, speech_recognition as sr
ModuleNotFoundError: No module named 'termuxapi'
[!] Server missing — restarting...
🚀 Launching ForgeVision Live Web Server on http://localhost:8000
🔁 Auto-refresh every 60 seconds
[OK] System healthy at Mon Jan  5 12:56:06 CST 2026
✅ ForgeVision Live Web Server started — view in browser:
👉  http://localhost:8000
📜 Log: /data/data/com.termux/files/home/forge/forgevision_server.log
============================================================
✅ Analytics JSON exported → /data/data/com.termux/files/home/forge/forgevision_analytics.json
[!] Server missing — restarting...
[OK] System healthy at Mon Jan  5 12:56:26 CST 2026
🚀 Launching ForgeVision Live Web Server on http://localhost:8000
🔁 Auto-refresh every 60 seconds
✅ ForgeVision Live Web Server started — view in browser:
👉  http://localhost:8000
📜 Log: /data/data/com.termux/files/home/forge/forgevision_server.log
============================================================
[!] Server missing — restarting...
[OK] System healthy at Mon Jan  5 12:57:07 CST 2026
🚀 Launching ForgeVision Live Web Server on http://localhost:8000
🔁 Auto-refresh every 60 seconds
✅ ForgeVision Live Web Server started — view in browser:
👉  http://localhost:8000
📜 Log: /data/data/com.termux/files/home/forge/forgevision_server.log
============================================================
✅ Analytics JSON exported → /data/data/com.termux/files/home/forge/forgevision_analytics.json
Traceback (most recent call last):
  File "/data/data/com.termux/files/home/forge/forgenet_voice.py", line 6, in <module>
    import os, re, time, termuxapi, speech_recognition as sr
ModuleNotFoundError: No module named 'termuxapi'
[!] Server missing — restarting...
[OK] System healthy at Mon Jan  5 12:57:19 CST 2026
🚀 Launching ForgeVision Live Web Server on http://localhost:8000
🔁 Auto-refresh every 60 seconds
✅ ForgeVision Live Web Server started — view in browser:
👉  http://localhost:8000
📜 Log: /data/data/com.termux/files/home/forge/forgevision_server.log
============================================================
[!] Server missing — restarting...
[OK] System healthy at Mon Jan  5 12:58:06 CST 2026
🚀 Launching ForgeVision Live Web Server on http://localhost:8000
🔁 Auto-refresh every 60 seconds
✅ ForgeVision Live Web Server started — view in browser:
👉  http://localhost:8000
📜 Log: /data/data/com.termux/files/home/forge/forgevision_server.log
============================================================
✅ Analytics JSON exported → /data/data/com.termux/files/home/forge/forgevision_analytics.json
[!] Server missing — restarting...
[OK] System healthy at Mon Jan  5 12:58:08 CST 2026
🚀 Launching ForgeVision Live Web Server on http://localhost:8000
🔁 Auto-refresh every 60 seconds
✅ ForgeVision Live Web Server started — view in browser:
👉  http://localhost:8000
📜 Log: /data/data/com.termux/files/home/forge/forgevision_server.log
============================================================
✅ Analytics JSON exported → /data/data/com.termux/files/home/forge/forgevision_analytics.json
Traceback (most recent call last):
  File "/data/data/com.termux/files/home/forge/forgenet_voice.py", line 6, in <module>
    import os, re, time, termuxapi, speech_recognition as sr
ModuleNotFoundError: No module named 'termuxapi'
[!] Server missing — restarting...
[OK] System healthy at Mon Jan  5 12:58:26 CST 2026
🚀 Launching ForgeVision Live Web Server on http://localhost:8000
🔁 Auto-refresh every 60 seconds
✅ ForgeVision Live Web Server started — view in browser:
👉  http://localhost:8000
📜 Log: /data/data/com.termux/files/home/forge/forgevision_server.log
============================================================
[!] Server missing — restarting...
[OK] System healthy at Mon Jan  5 12:59:19 CST 2026
🚀 Launching ForgeVision Live Web Server on http://localhost:8000
🔁 Auto-refresh every 60 seconds
✅ ForgeVision Live Web Server started — view in browser:
👉  http://localhost:8000
📜 Log: /data/data/com.termux/files/home/forge/forgevision_server.log
============================================================
=== Autopilot Startup Mon Jan  5 12:59:45 CST 2026 ===
[!] Server missing — restarting...
[OK] System healthy at Mon Jan  5 12:59:45 CST 2026
🚀 Launching ForgeVision Live Web Server on http://localhost:8000
🔁 Auto-refresh every 60 seconds
✅ ForgeVision Live Web Server started — view in browser:
👉  http://localhost:8000
📜 Log: /data/data/com.termux/files/home/forge/forgevision_server.log
============================================================
✅ Analytics JSON exported → /data/data/com.termux/files/home/forge/forgevision_analytics.json
Traceback (most recent call last):
  File "/data/data/com.termux/files/home/forge/forgenet_voice.py", line 6, in <module>
    import os, re, time, termuxapi, speech_recognition as sr
ModuleNotFoundError: No module named 'termuxapi'
[!] Server missing — restarting...
[OK] System healthy at Mon Jan  5 13:00:06 CST 2026
🚀 Launching ForgeVision Live Web Server on http://localhost:8000
🔁 Auto-refresh every 60 seconds
✅ ForgeVision Live Web Server started — view in browser:
👉  http://localhost:8000
📜 Log: /data/data/com.termux/files/home/forge/forgevision_server.log
============================================================
✅ Analytics JSON exported → /data/data/com.termux/files/home/forge/forgevision_analytics.json
[!] Server missing — restarting...
[OK] System healthy at Mon Jan  5 13:00:27 CST 2026
🚀 Launching ForgeVision Live Web Server on http://localhost:8000
🔁 Auto-refresh every 60 seconds
✅ ForgeVision Live Web Server started — view in browser:
👉  http://localhost:8000
📜 Log: /data/data/com.termux/files/home/forge/forgevision_server.log
============================================================
[!] Server missing — restarting...
[OK] System healthy at Mon Jan  5 13:01:19 CST 2026
🚀 Launching ForgeVision Live Web Server on http://localhost:8000
🔁 Auto-refresh every 60 seconds
✅ ForgeVision Live Web Server started — view in browser:
👉  http://localhost:8000
📜 Log: /data/data/com.termux/files/home/forge/forgevision_server.log
============================================================
[!] Server missing — restarting...
[OK] System healthy at Mon Jan  5 13:02:06 CST 2026
🚀 Launching ForgeVision Live Web Server on http://localhost:8000
🔁 Auto-refresh every 60 seconds
✅ ForgeVision Live Web Server started — view in browser:
👉  http://localhost:8000
📜 Log: /data/data/com.termux/files/home/forge/forgevision_server.log
============================================================
✅ Analytics JSON exported → /data/data/com.termux/files/home/forge/forgevision_analytics.json
[!] Server missing — restarting...
[OK] System healthy at Mon Jan  5 13:02:27 CST 2026
🚀 Launching ForgeVision Live Web Server on http://localhost:8000
🔁 Auto-refresh every 60 seconds
✅ ForgeVision Live Web Server started — view in browser:
👉  http://localhost:8000
📜 Log: /data/data/com.termux/files/home/forge/forgevision_server.log
============================================================
[!] Server missing — restarting...
[OK] System healthy at Mon Jan  5 13:03:19 CST 2026
🚀 Launching ForgeVision Live Web Server on http://localhost:8000
🔁 Auto-refresh every 60 seconds
✅ ForgeVision Live Web Server started — view in browser:
👉  http://localhost:8000
📜 Log: /data/data/com.termux/files/home/forge/forgevision_server.log
============================================================
[!] Server missing — restarting...
[OK] System healthy at Mon Jan  5 13:04:07 CST 2026
🚀 Launching ForgeVision Live Web Server on http://localhost:8000
🔁 Auto-refresh every 60 seconds
✅ ForgeVision Live Web Server started — view in browser:
👉  http://localhost:8000
📜 Log: /data/data/com.termux/files/home/forge/forgevision_server.log
============================================================
✅ Analytics JSON exported → /data/data/com.termux/files/home/forge/forgevision_analytics.json
[!] Server missing — restarting...
[OK] System healthy at Mon Jan  5 13:04:27 CST 2026
🚀 Launching ForgeVision Live Web Server on http://localhost:8000
🔁 Auto-refresh every 60 seconds
✅ ForgeVision Live Web Server started — view in browser:
👉  http://localhost:8000
📜 Log: /data/data/com.termux/files/home/forge/forgevision_server.log
============================================================
[!] Server missing — restarting...
[OK] System healthy at Mon Jan  5 13:05:19 CST 2026
🚀 Launching ForgeVision Live Web Server on http://localhost:8000
🔁 Auto-refresh every 60 seconds
✅ ForgeVision Live Web Server started — view in browser:
👉  http://localhost:8000
📜 Log: /data/data/com.termux/files/home/forge/forgevision_server.log
============================================================
[!] Server missing — restarting...
[OK] System healthy at Mon Jan  5 13:06:07 CST 2026
🚀 Launching ForgeVision Live Web Server on http://localhost:8000
🔁 Auto-refresh every 60 seconds
✅ ForgeVision Live Web Server started — view in browser:
👉  http://localhost:8000
📜 Log: /data/data/com.termux/files/home/forge/forgevision_server.log
============================================================
✅ Analytics JSON exported → /data/data/com.termux/files/home/forge/forgevision_analytics.json
[!] Server missing — restarting...
[OK] System healthy at Mon Jan  5 13:06:27 CST 2026
🚀 Launching ForgeVision Live Web Server on http://localhost:8000
🔁 Auto-refresh every 60 seconds
✅ ForgeVision Live Web Server started — view in browser:
👉  http://localhost:8000
📜 Log: /data/data/com.termux/files/home/forge/forgevision_server.log
============================================================
[!] Server missing — restarting...
[OK] System healthy at Mon Jan  5 13:07:19 CST 2026
🚀 Launching ForgeVision Live Web Server on http://localhost:8000
🔁 Auto-refresh every 60 seconds
✅ ForgeVision Live Web Server started — view in browser:
👉  http://localhost:8000
📜 Log: /data/data/com.termux/files/home/forge/forgevision_server.log
============================================================
=== Autopilot Startup Mon Jan  5 13:07:24 CST 2026 ===
[!] Server missing — restarting...
[OK] System healthy at Mon Jan  5 13:07:24 CST 2026
🚀 Launching ForgeVision Live Web Server on http://localhost:8000
🔁 Auto-refresh every 60 seconds
✅ ForgeVision Live Web Server started — view in browser:
👉  http://localhost:8000
📜 Log: /data/data/com.termux/files/home/forge/forgevision_server.log
============================================================
💾 Backup complete → /data/data/com.termux/files/home/forge/backups/ForgeNet_Backup_20260105.zip
📡 Checking ForgeNet GitHub sync...
✅ No pending changes — repository up-to-date.
[gh-pages c89930d] Auto Research Journal update @ 2026-01-05 13:07:25
 1 file changed, 46 insertions(+)
✅ Analytics JSON exported → /data/data/com.termux/files/home/forge/forgevision_analytics.json
Traceback (most recent call last):
  File "/data/data/com.termux/files/home/forge/forgenet_voice.py", line 6, in <module>
    import os, re, time, termuxapi, speech_recognition as sr
ModuleNotFoundError: No module named 'termuxapi'
[!] Server missing — restarting...
[OK] System healthy at Mon Jan  5 13:08:07 CST 2026
🚀 Launching ForgeVision Live Web Server on http://localhost:8000
🔁 Auto-refresh every 60 seconds
✅ ForgeVision Live Web Server started — view in browser:
👉  http://localhost:8000
📜 Log: /data/data/com.termux/files/home/forge/forgevision_server.log
============================================================
✅ Analytics JSON exported → /data/data/com.termux/files/home/forge/forgevision_analytics.json
[!] Server missing — restarting...
[OK] System healthy at Mon Jan  5 13:08:27 CST 2026
🚀 Launching ForgeVision Live Web Server on http://localhost:8000
🔁 Auto-refresh every 60 seconds
✅ ForgeVision Live Web Server started — view in browser:
👉  http://localhost:8000
📜 Log: /data/data/com.termux/files/home/forge/forgevision_server.log
============================================================
=== Autopilot Startup Mon Jan  5 13:08:41 CST 2026 ===
============================================================
🧩  ForgeNet Integrity Check — 20260105_130841
[!] Server missing — restarting...
============================================================
📁 Checking directory structure...
[OK] System healthy at Mon Jan  5 13:08:41 CST 2026
🚀 Launching ForgeVision Live Web Server on http://localhost:8000
🔁 Auto-refresh every 60 seconds
✅ Found: /data/data/com.termux/files/home/forge
✅ Found: /data/data/com.termux/files/home/ForgeNet
✅ ForgeVision Live Web Server started — view in browser:
👉  http://localhost:8000
📜 Log: /data/data/com.termux/files/home/forge/forgevision_server.log
============================================================
✅ Found: /data/data/com.termux/files/home/.termux/boot
✅ Found: /data/data/com.termux/files/home/forge/voynich_f17r_sim
⚙️ Checking core scripts...
✅ forge_master.sh present
✅ forgenet_watchdog.sh present
✅ forgevision_live.sh present
✅ forgevision_analytics.py present
✅ forgenet_autosync.sh present
✅ forgenet_voice.py present
✅ forgenet_cognitive_loop.py present
🔒 Checking permissions...
💾 Backup complete → /data/data/com.termux/files/home/forge/backups/ForgeNet_Backup_20260105.zip
📡 Checking ForgeNet GitHub sync...
✅ No pending changes — repository up-to-date.
fatal: Unable to create '/data/data/com.termux/files/home/ForgeNet/.git/index.lock': File exists.

Another git process seems to be running in this repository, e.g.
an editor opened by 'git commit'. Please make sure all processes
are terminated then try again. If it still fails, a git process
may have crashed in this repository earlier:
remove the file manually to continue.
fatal: Unable to create '/data/data/com.termux/files/home/ForgeNet/.git/index.lock': File exists.

Another git process seems to be running in this repository, e.g.
an editor opened by 'git commit'. Please make sure all processes
are terminated then try again. If it still fails, a git process
may have crashed in this repository earlier:
remove the file manually to continue.
✅ Executable permissions refreshed
🌐 Checking GitHub linkage...
✅ GitHub remote configured: origin	https://github.com/AETAERNA/ForgeNet.git (fetch)
On branch gh-pages
Changes to be committed:
  (use "git restore --staged <file>..." to unstage)
	modified:   exports/forgenet_research_journal.log

🩺 Checking active processes...
✅ forgevision process running
⚠️  forgevoice process not active
⚠️  analytics process not active
✅ ForgeVision dashboard found
✅ Autopilot script ready
============================================================
🧾 Full report written → /data/data/com.termux/files/home/forge/ForgeNet_Integrity_Report_20260105_130841.txt
============================================================
✅ Analytics JSON exported → /data/data/com.termux/files/home/forge/forgevision_analytics.json
Traceback (most recent call last):
  File "/data/data/com.termux/files/home/forge/forgenet_voice.py", line 6, in <module>
    import os, re, time, termuxapi, speech_recognition as sr
ModuleNotFoundError: No module named 'termuxapi'
=== Autopilot Startup Mon Jan  5 13:08:53 CST 2026 ===
[!] Server missing — restarting...
[OK] System healthy at Mon Jan  5 13:08:53 CST 2026
🚀 Launching ForgeVision Live Web Server on http://localhost:8000
🔁 Auto-refresh every 60 seconds
✅ ForgeVision Live Web Server started — view in browser:
👉  http://localhost:8000
📜 Log: /data/data/com.termux/files/home/forge/forgevision_server.log
============================================================
💾 Backup complete → /data/data/com.termux/files/home/forge/backups/ForgeNet_Backup_20260105.zip
📡 Checking ForgeNet GitHub sync...
🔄 Changes detected — pushing...
fatal: Unable to create '/data/data/com.termux/files/home/ForgeNet/.git/index.lock': File exists.

Another git process seems to be running in this repository, e.g.
an editor opened by 'git commit'. Please make sure all processes
are terminated then try again. If it still fails, a git process
may have crashed in this repository earlier:
remove the file manually to continue.
fatal: Unable to create '/data/data/com.termux/files/home/ForgeNet/.git/index.lock': File exists.

Another git process seems to be running in this repository, e.g.
an editor opened by 'git commit'. Please make sure all processes
are terminated then try again. If it still fails, a git process
may have crashed in this repository earlier:
remove the file manually to continue.
fatal: Unable to create '/data/data/com.termux/files/home/ForgeNet/.git/index.lock': File exists.

Another git process seems to be running in this repository, e.g.
an editor opened by 'git commit'. Please make sure all processes
are terminated then try again. If it still fails, a git process
may have crashed in this repository earlier:
remove the file manually to continue.
✅ Analytics JSON exported → /data/data/com.termux/files/home/forge/forgevision_analytics.json
Traceback (most recent call last):
  File "/data/data/com.termux/files/home/forge/forgenet_voice.py", line 6, in <module>
    import os, re, time, termuxapi, speech_recognition as sr
ModuleNotFoundError: No module named 'termuxapi'
[!] Server missing — restarting...
[OK] System healthy at Mon Jan  5 13:09:19 CST 2026
🚀 Launching ForgeVision Live Web Server on http://localhost:8000
🔁 Auto-refresh every 60 seconds
✅ ForgeVision Live Web Server started — view in browser:
👉  http://localhost:8000
📜 Log: /data/data/com.termux/files/home/forge/forgevision_server.log
============================================================
[!] Server missing — restarting...
🚀 Launching ForgeVision Live Web Server on http://localhost:8000
🔁 Auto-refresh every 60 seconds
[OK] System healthy at Mon Jan  5 13:09:45 CST 2026
✅ ForgeVision Live Web Server started — view in browser:
👉  http://localhost:8000
📜 Log: /data/data/com.termux/files/home/forge/forgevision_server.log
============================================================
💾 Backup complete → /data/data/com.termux/files/home/forge/backups/ForgeNet_Backup_20260105.zip
📡 Checking ForgeNet GitHub sync...
🔄 Changes detected — pushing...
fatal: Unable to create '/data/data/com.termux/files/home/ForgeNet/.git/index.lock': File exists.

Another git process seems to be running in this repository, e.g.
an editor opened by 'git commit'. Please make sure all processes
are terminated then try again. If it still fails, a git process
may have crashed in this repository earlier:
remove the file manually to continue.
fatal: Unable to create '/data/data/com.termux/files/home/ForgeNet/.git/index.lock': File exists.

Another git process seems to be running in this repository, e.g.
an editor opened by 'git commit'. Please make sure all processes
are terminated then try again. If it still fails, a git process
may have crashed in this repository earlier:
remove the file manually to continue.
fatal: Unable to create '/data/data/com.termux/files/home/ForgeNet/.git/index.lock': File exists.

Another git process seems to be running in this repository, e.g.
an editor opened by 'git commit'. Please make sure all processes
are terminated then try again. If it still fails, a git process
may have crashed in this repository earlier:
remove the file manually to continue.
✅ Analytics JSON exported → /data/data/com.termux/files/home/forge/forgevision_analytics.json
Traceback (most recent call last):
  File "/data/data/com.termux/files/home/forge/forgenet_voice.py", line 6, in <module>
    import os, re, time, termuxapi, speech_recognition as sr
ModuleNotFoundError: No module named 'termuxapi'
[!] Server missing — restarting...
🚀 Launching ForgeVision Live Web Server on http://localhost:8000
🔁 Auto-refresh every 60 seconds
[OK] System healthy at Mon Jan  5 13:09:56 CST 2026
✅ ForgeVision Live Web Server started — view in browser:
👉  http://localhost:8000
📜 Log: /data/data/com.termux/files/home/forge/forgevision_server.log
============================================================
💾 Backup complete → /data/data/com.termux/files/home/forge/backups/ForgeNet_Backup_20260105.zip
📡 Checking ForgeNet GitHub sync...
🔄 Changes detected — pushing...
fatal: Unable to create '/data/data/com.termux/files/home/ForgeNet/.git/index.lock': File exists.

Another git process seems to be running in this repository, e.g.
an editor opened by 'git commit'. Please make sure all processes
are terminated then try again. If it still fails, a git process
may have crashed in this repository earlier:
remove the file manually to continue.
fatal: Unable to create '/data/data/com.termux/files/home/ForgeNet/.git/index.lock': File exists.

Another git process seems to be running in this repository, e.g.
an editor opened by 'git commit'. Please make sure all processes
are terminated then try again. If it still fails, a git process
may have crashed in this repository earlier:
remove the file manually to continue.
fatal: Unable to create '/data/data/com.termux/files/home/ForgeNet/.git/index.lock': File exists.

Another git process seems to be running in this repository, e.g.
an editor opened by 'git commit'. Please make sure all processes
are terminated then try again. If it still fails, a git process
may have crashed in this repository earlier:
remove the file manually to continue.
✅ Analytics JSON exported → /data/data/com.termux/files/home/forge/forgevision_analytics.json
Traceback (most recent call last):
  File "/data/data/com.termux/files/home/forge/forgenet_voice.py", line 6, in <module>
    import os, re, time, termuxapi, speech_recognition as sr
ModuleNotFoundError: No module named 'termuxapi'
[!] Server missing — restarting...
[OK] System healthy at Mon Jan  5 13:10:07 CST 2026
🚀 Launching ForgeVision Live Web Server on http://localhost:8000
🔁 Auto-refresh every 60 seconds
✅ ForgeVision Live Web Server started — view in browser:
👉  http://localhost:8000
📜 Log: /data/data/com.termux/files/home/forge/forgevision_server.log
============================================================
✅ Analytics JSON exported → /data/data/com.termux/files/home/forge/forgevision_analytics.json
[!] Server missing — restarting...
[OK] System healthy at Mon Jan  5 13:10:27 CST 2026
🚀 Launching ForgeVision Live Web Server on http://localhost:8000
🔁 Auto-refresh every 60 seconds
✅ ForgeVision Live Web Server started — view in browser:
👉  http://localhost:8000
📜 Log: /data/data/com.termux/files/home/forge/forgevision_server.log
============================================================
[!] Server missing — restarting...
[OK] System healthy at Mon Jan  5 13:10:49 CST 2026
🚀 Launching ForgeVision Live Web Server on http://localhost:8000
🔁 Auto-refresh every 60 seconds
✅ ForgeVision Live Web Server started — view in browser:
👉  http://localhost:8000
📜 Log: /data/data/com.termux/files/home/forge/forgevision_server.log
============================================================
💾 Backup complete → /data/data/com.termux/files/home/forge/backups/ForgeNet_Backup_20260105.zip
📡 Checking ForgeNet GitHub sync...
🔄 Changes detected — pushing...
fatal: Unable to create '/data/data/com.termux/files/home/ForgeNet/.git/index.lock': File exists.

Another git process seems to be running in this repository, e.g.
an editor opened by 'git commit'. Please make sure all processes
are terminated then try again. If it still fails, a git process
may have crashed in this repository earlier:
remove the file manually to continue.
fatal: Unable to create '/data/data/com.termux/files/home/ForgeNet/.git/index.lock': File exists.

Another git process seems to be running in this repository, e.g.
an editor opened by 'git commit'. Please make sure all processes
are terminated then try again. If it still fails, a git process
may have crashed in this repository earlier:
remove the file manually to continue.
fatal: Unable to create '/data/data/com.termux/files/home/ForgeNet/.git/index.lock': File exists.

Another git process seems to be running in this repository, e.g.
an editor opened by 'git commit'. Please make sure all processes
are terminated then try again. If it still fails, a git process
may have crashed in this repository earlier:
remove the file manually to continue.
✅ Analytics JSON exported → /data/data/com.termux/files/home/forge/forgevision_analytics.json
Traceback (most recent call last):
  File "/data/data/com.termux/files/home/forge/forgenet_voice.py", line 6, in <module>
    import os, re, time, termuxapi, speech_recognition as sr
ModuleNotFoundError: No module named 'termuxapi'
[!] Server missing — restarting...
[OK] System healthy at Mon Jan  5 13:11:19 CST 2026
🚀 Launching ForgeVision Live Web Server on http://localhost:8000
🔁 Auto-refresh every 60 seconds
✅ ForgeVision Live Web Server started — view in browser:
👉  http://localhost:8000
📜 Log: /data/data/com.termux/files/home/forge/forgevision_server.log
============================================================
[!] Server missing — restarting...
[OK] System healthy at Mon Jan  5 13:11:53 CST 2026
🚀 Launching ForgeVision Live Web Server on http://localhost:8000
🔁 Auto-refresh every 60 seconds
✅ ForgeVision Live Web Server started — view in browser:
👉  http://localhost:8000
📜 Log: /data/data/com.termux/files/home/forge/forgevision_server.log
============================================================
💾 Backup complete → /data/data/com.termux/files/home/forge/backups/ForgeNet_Backup_20260105.zip
📡 Checking ForgeNet GitHub sync...
🔄 Changes detected — pushing...
fatal: Unable to create '/data/data/com.termux/files/home/ForgeNet/.git/index.lock': File exists.

Another git process seems to be running in this repository, e.g.
an editor opened by 'git commit'. Please make sure all processes
are terminated then try again. If it still fails, a git process
may have crashed in this repository earlier:
remove the file manually to continue.
fatal: Unable to create '/data/data/com.termux/files/home/ForgeNet/.git/index.lock': File exists.

Another git process seems to be running in this repository, e.g.
an editor opened by 'git commit'. Please make sure all processes
are terminated then try again. If it still fails, a git process
may have crashed in this repository earlier:
remove the file manually to continue.
fatal: Unable to create '/data/data/com.termux/files/home/ForgeNet/.git/index.lock': File exists.

Another git process seems to be running in this repository, e.g.
an editor opened by 'git commit'. Please make sure all processes
are terminated then try again. If it still fails, a git process
may have crashed in this repository earlier:
remove the file manually to continue.
✅ Analytics JSON exported → /data/data/com.termux/files/home/forge/forgevision_analytics.json
Traceback (most recent call last):
  File "/data/data/com.termux/files/home/forge/forgenet_voice.py", line 6, in <module>
    import os, re, time, termuxapi, speech_recognition as sr
ModuleNotFoundError: No module named 'termuxapi'
[!] Server missing — restarting...
[OK] System healthy at Mon Jan  5 13:12:07 CST 2026
🚀 Launching ForgeVision Live Web Server on http://localhost:8000
🔁 Auto-refresh every 60 seconds
✅ ForgeVision Live Web Server started — view in browser:
👉  http://localhost:8000
📜 Log: /data/data/com.termux/files/home/forge/forgevision_server.log
============================================================
✅ Analytics JSON exported → /data/data/com.termux/files/home/forge/forgevision_analytics.json
[!] Server missing — restarting...
🚀 Launching ForgeVision Live Web Server on http://localhost:8000
🔁 Auto-refresh every 60 seconds
[OK] System healthy at Mon Jan  5 13:12:27 CST 2026
✅ ForgeVision Live Web Server started — view in browser:
👉  http://localhost:8000
📜 Log: /data/data/com.termux/files/home/forge/forgevision_server.log
============================================================
[!] Server missing — restarting...
[OK] System healthy at Mon Jan  5 13:12:58 CST 2026
🚀 Launching ForgeVision Live Web Server on http://localhost:8000
🔁 Auto-refresh every 60 seconds
✅ ForgeVision Live Web Server started — view in browser:
👉  http://localhost:8000
📜 Log: /data/data/com.termux/files/home/forge/forgevision_server.log
============================================================
💾 Backup complete → /data/data/com.termux/files/home/forge/backups/ForgeNet_Backup_20260105.zip
📡 Checking ForgeNet GitHub sync...
🔄 Changes detected — pushing...
fatal: Unable to create '/data/data/com.termux/files/home/ForgeNet/.git/index.lock': File exists.

Another git process seems to be running in this repository, e.g.
an editor opened by 'git commit'. Please make sure all processes
are terminated then try again. If it still fails, a git process
may have crashed in this repository earlier:
remove the file manually to continue.
fatal: Unable to create '/data/data/com.termux/files/home/ForgeNet/.git/index.lock': File exists.

Another git process seems to be running in this repository, e.g.
an editor opened by 'git commit'. Please make sure all processes
are terminated then try again. If it still fails, a git process
may have crashed in this repository earlier:
remove the file manually to continue.
fatal: Unable to create '/data/data/com.termux/files/home/ForgeNet/.git/index.lock': File exists.

Another git process seems to be running in this repository, e.g.
an editor opened by 'git commit'. Please make sure all processes
are terminated then try again. If it still fails, a git process
may have crashed in this repository earlier:
remove the file manually to continue.
✅ Analytics JSON exported → /data/data/com.termux/files/home/forge/forgevision_analytics.json
Traceback (most recent call last):
  File "/data/data/com.termux/files/home/forge/forgenet_voice.py", line 6, in <module>
    import os, re, time, termuxapi, speech_recognition as sr
ModuleNotFoundError: No module named 'termuxapi'
[!] Server missing — restarting...
[OK] System healthy at Mon Jan  5 13:13:19 CST 2026
🚀 Launching ForgeVision Live Web Server on http://localhost:8000
🔁 Auto-refresh every 60 seconds
✅ ForgeVision Live Web Server started — view in browser:
👉  http://localhost:8000
📜 Log: /data/data/com.termux/files/home/forge/forgevision_server.log
============================================================
[!] Server missing — restarting...
[OK] System healthy at Mon Jan  5 13:14:02 CST 2026
🚀 Launching ForgeVision Live Web Server on http://localhost:8000
🔁 Auto-refresh every 60 seconds
✅ ForgeVision Live Web Server started — view in browser:
👉  http://localhost:8000
📜 Log: /data/data/com.termux/files/home/forge/forgevision_server.log
============================================================
💾 Backup complete → /data/data/com.termux/files/home/forge/backups/ForgeNet_Backup_20260105.zip
📡 Checking ForgeNet GitHub sync...
🔄 Changes detected — pushing...
fatal: Unable to create '/data/data/com.termux/files/home/ForgeNet/.git/index.lock': File exists.

Another git process seems to be running in this repository, e.g.
an editor opened by 'git commit'. Please make sure all processes
are terminated then try again. If it still fails, a git process
may have crashed in this repository earlier:
remove the file manually to continue.
fatal: Unable to create '/data/data/com.termux/files/home/ForgeNet/.git/index.lock': File exists.

Another git process seems to be running in this repository, e.g.
an editor opened by 'git commit'. Please make sure all processes
are terminated then try again. If it still fails, a git process
may have crashed in this repository earlier:
remove the file manually to continue.
fatal: Unable to create '/data/data/com.termux/files/home/ForgeNet/.git/index.lock': File exists.

Another git process seems to be running in this repository, e.g.
an editor opened by 'git commit'. Please make sure all processes
are terminated then try again. If it still fails, a git process
may have crashed in this repository earlier:
remove the file manually to continue.
✅ Analytics JSON exported → /data/data/com.termux/files/home/forge/forgevision_analytics.json
Traceback (most recent call last):
  File "/data/data/com.termux/files/home/forge/forgenet_voice.py", line 6, in <module>
    import os, re, time, termuxapi, speech_recognition as sr
ModuleNotFoundError: No module named 'termuxapi'
[!] Server missing — restarting...
[OK] System healthy at Mon Jan  5 13:14:08 CST 2026
🚀 Launching ForgeVision Live Web Server on http://localhost:8000
🔁 Auto-refresh every 60 seconds
✅ ForgeVision Live Web Server started — view in browser:
👉  http://localhost:8000
📜 Log: /data/data/com.termux/files/home/forge/forgevision_server.log
============================================================
✅ Analytics JSON exported → /data/data/com.termux/files/home/forge/forgevision_analytics.json
[!] Server missing — restarting...
[OK] System healthy at Mon Jan  5 13:14:27 CST 2026
🚀 Launching ForgeVision Live Web Server on http://localhost:8000
🔁 Auto-refresh every 60 seconds
✅ ForgeVision Live Web Server started — view in browser:
👉  http://localhost:8000
📜 Log: /data/data/com.termux/files/home/forge/forgevision_server.log
============================================================
[!] Server missing — restarting...
[OK] System healthy at Mon Jan  5 13:15:07 CST 2026
🚀 Launching ForgeVision Live Web Server on http://localhost:8000
🔁 Auto-refresh every 60 seconds
✅ ForgeVision Live Web Server started — view in browser:
👉  http://localhost:8000
📜 Log: /data/data/com.termux/files/home/forge/forgevision_server.log
============================================================
💾 Backup complete → /data/data/com.termux/files/home/forge/backups/ForgeNet_Backup_20260105.zip
📡 Checking ForgeNet GitHub sync...
🔄 Changes detected — pushing...
fatal: Unable to create '/data/data/com.termux/files/home/ForgeNet/.git/index.lock': File exists.

Another git process seems to be running in this repository, e.g.
an editor opened by 'git commit'. Please make sure all processes
are terminated then try again. If it still fails, a git process
may have crashed in this repository earlier:
remove the file manually to continue.
fatal: Unable to create '/data/data/com.termux/files/home/ForgeNet/.git/index.lock': File exists.

Another git process seems to be running in this repository, e.g.
an editor opened by 'git commit'. Please make sure all processes
are terminated then try again. If it still fails, a git process
may have crashed in this repository earlier:
remove the file manually to continue.
fatal: Unable to create '/data/data/com.termux/files/home/ForgeNet/.git/index.lock': File exists.

Another git process seems to be running in this repository, e.g.
an editor opened by 'git commit'. Please make sure all processes
are terminated then try again. If it still fails, a git process
may have crashed in this repository earlier:
remove the file manually to continue.
✅ Analytics JSON exported → /data/data/com.termux/files/home/forge/forgevision_analytics.json
Traceback (most recent call last):
  File "/data/data/com.termux/files/home/forge/forgenet_voice.py", line 6, in <module>
    import os, re, time, termuxapi, speech_recognition as sr
ModuleNotFoundError: No module named 'termuxapi'
[!] Server missing — restarting...
🚀 Launching ForgeVision Live Web Server on http://localhost:8000
🔁 Auto-refresh every 60 seconds
[OK] System healthy at Mon Jan  5 13:15:19 CST 2026
✅ ForgeVision Live Web Server started — view in browser:
👉  http://localhost:8000
📜 Log: /data/data/com.termux/files/home/forge/forgevision_server.log
============================================================
[!] Server missing — restarting...
[OK] System healthy at Mon Jan  5 13:16:08 CST 2026
🚀 Launching ForgeVision Live Web Server on http://localhost:8000
🔁 Auto-refresh every 60 seconds
✅ ForgeVision Live Web Server started — view in browser:
👉  http://localhost:8000
📜 Log: /data/data/com.termux/files/home/forge/forgevision_server.log
============================================================
✅ Analytics JSON exported → /data/data/com.termux/files/home/forge/forgevision_analytics.json
[!] Server missing — restarting...
[OK] System healthy at Mon Jan  5 13:16:11 CST 2026
🚀 Launching ForgeVision Live Web Server on http://localhost:8000
🔁 Auto-refresh every 60 seconds
✅ ForgeVision Live Web Server started — view in browser:
👉  http://localhost:8000
📜 Log: /data/data/com.termux/files/home/forge/forgevision_server.log
============================================================
💾 Backup complete → /data/data/com.termux/files/home/forge/backups/ForgeNet_Backup_20260105.zip
📡 Checking ForgeNet GitHub sync...
🔄 Changes detected — pushing...
fatal: Unable to create '/data/data/com.termux/files/home/ForgeNet/.git/index.lock': File exists.

Another git process seems to be running in this repository, e.g.
an editor opened by 'git commit'. Please make sure all processes
are terminated then try again. If it still fails, a git process
may have crashed in this repository earlier:
remove the file manually to continue.
fatal: Unable to create '/data/data/com.termux/files/home/ForgeNet/.git/index.lock': File exists.

Another git process seems to be running in this repository, e.g.
an editor opened by 'git commit'. Please make sure all processes
are terminated then try again. If it still fails, a git process
may have crashed in this repository earlier:
remove the file manually to continue.
fatal: Unable to create '/data/data/com.termux/files/home/ForgeNet/.git/index.lock': File exists.

Another git process seems to be running in this repository, e.g.
an editor opened by 'git commit'. Please make sure all processes
are terminated then try again. If it still fails, a git process
may have crashed in this repository earlier:
remove the file manually to continue.
✅ Analytics JSON exported → /data/data/com.termux/files/home/forge/forgevision_analytics.json
Traceback (most recent call last):
  File "/data/data/com.termux/files/home/forge/forgenet_voice.py", line 6, in <module>
    import os, re, time, termuxapi, speech_recognition as sr
ModuleNotFoundError: No module named 'termuxapi'
[!] Server missing — restarting...
[OK] System healthy at Mon Jan  5 13:16:27 CST 2026
🚀 Launching ForgeVision Live Web Server on http://localhost:8000
🔁 Auto-refresh every 60 seconds
✅ ForgeVision Live Web Server started — view in browser:
👉  http://localhost:8000
📜 Log: /data/data/com.termux/files/home/forge/forgevision_server.log
============================================================
[!] Server missing — restarting...
🚀 Launching ForgeVision Live Web Server on http://localhost:8000
🔁 Auto-refresh every 60 seconds
[OK] System healthy at Mon Jan  5 13:17:16 CST 2026
✅ ForgeVision Live Web Server started — view in browser:
👉  http://localhost:8000
📜 Log: /data/data/com.termux/files/home/forge/forgevision_server.log
============================================================
💾 Backup complete → /data/data/com.termux/files/home/forge/backups/ForgeNet_Backup_20260105.zip
📡 Checking ForgeNet GitHub sync...
🔄 Changes detected — pushing...
fatal: Unable to create '/data/data/com.termux/files/home/ForgeNet/.git/index.lock': File exists.

Another git process seems to be running in this repository, e.g.
an editor opened by 'git commit'. Please make sure all processes
are terminated then try again. If it still fails, a git process
may have crashed in this repository earlier:
remove the file manually to continue.
fatal: Unable to create '/data/data/com.termux/files/home/ForgeNet/.git/index.lock': File exists.

Another git process seems to be running in this repository, e.g.
an editor opened by 'git commit'. Please make sure all processes
are terminated then try again. If it still fails, a git process
may have crashed in this repository earlier:
remove the file manually to continue.
fatal: Unable to create '/data/data/com.termux/files/home/ForgeNet/.git/index.lock': File exists.

Another git process seems to be running in this repository, e.g.
an editor opened by 'git commit'. Please make sure all processes
are terminated then try again. If it still fails, a git process
may have crashed in this repository earlier:
remove the file manually to continue.
✅ Analytics JSON exported → /data/data/com.termux/files/home/forge/forgevision_analytics.json
Traceback (most recent call last):
  File "/data/data/com.termux/files/home/forge/forgenet_voice.py", line 6, in <module>
    import os, re, time, termuxapi, speech_recognition as sr
ModuleNotFoundError: No module named 'termuxapi'
[!] Server missing — restarting...
[OK] System healthy at Mon Jan  5 13:17:19 CST 2026
🚀 Launching ForgeVision Live Web Server on http://localhost:8000
🔁 Auto-refresh every 60 seconds
✅ ForgeVision Live Web Server started — view in browser:
👉  http://localhost:8000
📜 Log: /data/data/com.termux/files/home/forge/forgevision_server.log
============================================================
=== Autopilot Startup Mon Jan  5 13:17:54 CST 2026 ===
[!] Server missing — restarting...
[OK] System healthy at Mon Jan  5 13:17:54 CST 2026
🚀 Launching ForgeVision Live Web Server on http://localhost:8000
🔁 Auto-refresh every 60 seconds
✅ ForgeVision Live Web Server started — view in browser:
👉  http://localhost:8000
📜 Log: /data/data/com.termux/files/home/forge/forgevision_server.log
============================================================
💾 Backup complete → /data/data/com.termux/files/home/forge/backups/ForgeNet_Backup_20260105.zip
📡 Checking ForgeNet GitHub sync...
🔄 Changes detected — pushing...
fatal: Unable to create '/data/data/com.termux/files/home/ForgeNet/.git/index.lock': File exists.

Another git process seems to be running in this repository, e.g.
an editor opened by 'git commit'. Please make sure all processes
are terminated then try again. If it still fails, a git process
may have crashed in this repository earlier:
remove the file manually to continue.
fatal: Unable to create '/data/data/com.termux/files/home/ForgeNet/.git/index.lock': File exists.

Another git process seems to be running in this repository, e.g.
an editor opened by 'git commit'. Please make sure all processes
are terminated then try again. If it still fails, a git process
may have crashed in this repository earlier:
remove the file manually to continue.
fatal: Unable to create '/data/data/com.termux/files/home/ForgeNet/.git/index.lock': File exists.

Another git process seems to be running in this repository, e.g.
an editor opened by 'git commit'. Please make sure all processes
are terminated then try again. If it still fails, a git process
may have crashed in this repository earlier:
remove the file manually to continue.
✅ Analytics JSON exported → /data/data/com.termux/files/home/forge/forgevision_analytics.json
Traceback (most recent call last):
  File "/data/data/com.termux/files/home/forge/forgenet_voice.py", line 6, in <module>
    import os, re, time, termuxapi, speech_recognition as sr
ModuleNotFoundError: No module named 'termuxapi'
[!] Server missing — restarting...
[OK] System healthy at Mon Jan  5 13:18:08 CST 2026
🚀 Launching ForgeVision Live Web Server on http://localhost:8000
🔁 Auto-refresh every 60 seconds
✅ ForgeVision Live Web Server started — view in browser:
👉  http://localhost:8000
📜 Log: /data/data/com.termux/files/home/forge/forgevision_server.log
============================================================
✅ Analytics JSON exported → /data/data/com.termux/files/home/forge/forgevision_analytics.json
[!] Server missing — restarting...
[OK] System healthy at Mon Jan  5 13:18:21 CST 2026
🚀 Launching ForgeVision Live Web Server on http://localhost:8000
🔁 Auto-refresh every 60 seconds
✅ ForgeVision Live Web Server started — view in browser:
👉  http://localhost:8000
📜 Log: /data/data/com.termux/files/home/forge/forgevision_server.log
============================================================
💾 Backup complete → /data/data/com.termux/files/home/forge/backups/ForgeNet_Backup_20260105.zip
📡 Checking ForgeNet GitHub sync...
🔄 Changes detected — pushing...
fatal: Unable to create '/data/data/com.termux/files/home/ForgeNet/.git/index.lock': File exists.

Another git process seems to be running in this repository, e.g.
an editor opened by 'git commit'. Please make sure all processes
are terminated then try again. If it still fails, a git process
may have crashed in this repository earlier:
remove the file manually to continue.
fatal: Unable to create '/data/data/com.termux/files/home/ForgeNet/.git/index.lock': File exists.

Another git process seems to be running in this repository, e.g.
an editor opened by 'git commit'. Please make sure all processes
are terminated then try again. If it still fails, a git process
may have crashed in this repository earlier:
remove the file manually to continue.
fatal: Unable to create '/data/data/com.termux/files/home/ForgeNet/.git/index.lock': File exists.

Another git process seems to be running in this repository, e.g.
an editor opened by 'git commit'. Please make sure all processes
are terminated then try again. If it still fails, a git process
may have crashed in this repository earlier:
remove the file manually to continue.
✅ Analytics JSON exported → /data/data/com.termux/files/home/forge/forgevision_analytics.json
Traceback (most recent call last):
  File "/data/data/com.termux/files/home/forge/forgenet_voice.py", line 6, in <module>
    import os, re, time, termuxapi, speech_recognition as sr
ModuleNotFoundError: No module named 'termuxapi'
[!] Server missing — restarting...
[OK] System healthy at Mon Jan  5 13:18:27 CST 2026
🚀 Launching ForgeVision Live Web Server on http://localhost:8000
🔁 Auto-refresh every 60 seconds
✅ ForgeVision Live Web Server started — view in browser:
👉  http://localhost:8000
📜 Log: /data/data/com.termux/files/home/forge/forgevision_server.log
============================================================
[!] Server missing — restarting...
[OK] System healthy at Mon Jan  5 13:19:19 CST 2026
🚀 Launching ForgeVision Live Web Server on http://localhost:8000
🔁 Auto-refresh every 60 seconds
✅ ForgeVision Live Web Server started — view in browser:
👉  http://localhost:8000
📜 Log: /data/data/com.termux/files/home/forge/forgevision_server.log
============================================================
[!] Server missing — restarting...
[OK] System healthy at Mon Jan  5 13:19:25 CST 2026
🚀 Launching ForgeVision Live Web Server on http://localhost:8000
🔁 Auto-refresh every 60 seconds
✅ ForgeVision Live Web Server started — view in browser:
👉  http://localhost:8000
📜 Log: /data/data/com.termux/files/home/forge/forgevision_server.log
============================================================
💾 Backup complete → /data/data/com.termux/files/home/forge/backups/ForgeNet_Backup_20260105.zip
📡 Checking ForgeNet GitHub sync...
🔄 Changes detected — pushing...
fatal: Unable to create '/data/data/com.termux/files/home/ForgeNet/.git/index.lock': File exists.

Another git process seems to be running in this repository, e.g.
an editor opened by 'git commit'. Please make sure all processes
are terminated then try again. If it still fails, a git process
may have crashed in this repository earlier:
remove the file manually to continue.
fatal: Unable to create '/data/data/com.termux/files/home/ForgeNet/.git/index.lock': File exists.

Another git process seems to be running in this repository, e.g.
an editor opened by 'git commit'. Please make sure all processes
are terminated then try again. If it still fails, a git process
may have crashed in this repository earlier:
remove the file manually to continue.
fatal: Unable to create '/data/data/com.termux/files/home/ForgeNet/.git/index.lock': File exists.

Another git process seems to be running in this repository, e.g.
an editor opened by 'git commit'. Please make sure all processes
are terminated then try again. If it still fails, a git process
may have crashed in this repository earlier:
remove the file manually to continue.
✅ Analytics JSON exported → /data/data/com.termux/files/home/forge/forgevision_analytics.json
Traceback (most recent call last):
  File "/data/data/com.termux/files/home/forge/forgenet_voice.py", line 6, in <module>
    import os, re, time, termuxapi, speech_recognition as sr
ModuleNotFoundError: No module named 'termuxapi'
[!] Server missing — restarting...
[OK] System healthy at Mon Jan  5 13:20:08 CST 2026
🚀 Launching ForgeVision Live Web Server on http://localhost:8000
🔁 Auto-refresh every 60 seconds
✅ ForgeVision Live Web Server started — view in browser:
👉  http://localhost:8000
📜 Log: /data/data/com.termux/files/home/forge/forgevision_server.log
============================================================
✅ Analytics JSON exported → /data/data/com.termux/files/home/forge/forgevision_analytics.json
[!] Server missing — restarting...
[OK] System healthy at Mon Jan  5 13:20:28 CST 2026
🚀 Launching ForgeVision Live Web Server on http://localhost:8000
🔁 Auto-refresh every 60 seconds
✅ ForgeVision Live Web Server started — view in browser:
👉  http://localhost:8000
📜 Log: /data/data/com.termux/files/home/forge/forgevision_server.log
============================================================
[!] Server missing — restarting...
[OK] System healthy at Mon Jan  5 13:20:29 CST 2026
🚀 Launching ForgeVision Live Web Server on http://localhost:8000
🔁 Auto-refresh every 60 seconds
✅ ForgeVision Live Web Server started — view in browser:
👉  http://localhost:8000
📜 Log: /data/data/com.termux/files/home/forge/forgevision_server.log
============================================================
💾 Backup complete → /data/data/com.termux/files/home/forge/backups/ForgeNet_Backup_20260105.zip
📡 Checking ForgeNet GitHub sync...
🔄 Changes detected — pushing...
fatal: Unable to create '/data/data/com.termux/files/home/ForgeNet/.git/index.lock': File exists.

Another git process seems to be running in this repository, e.g.
an editor opened by 'git commit'. Please make sure all processes
are terminated then try again. If it still fails, a git process
may have crashed in this repository earlier:
remove the file manually to continue.
fatal: Unable to create '/data/data/com.termux/files/home/ForgeNet/.git/index.lock': File exists.

Another git process seems to be running in this repository, e.g.
an editor opened by 'git commit'. Please make sure all processes
are terminated then try again. If it still fails, a git process
may have crashed in this repository earlier:
remove the file manually to continue.
fatal: Unable to create '/data/data/com.termux/files/home/ForgeNet/.git/index.lock': File exists.

Another git process seems to be running in this repository, e.g.
an editor opened by 'git commit'. Please make sure all processes
are terminated then try again. If it still fails, a git process
may have crashed in this repository earlier:
remove the file manually to continue.
✅ Analytics JSON exported → /data/data/com.termux/files/home/forge/forgevision_analytics.json
Traceback (most recent call last):
  File "/data/data/com.termux/files/home/forge/forgenet_voice.py", line 6, in <module>
    import os, re, time, termuxapi, speech_recognition as sr
ModuleNotFoundError: No module named 'termuxapi'
[!] Server missing — restarting...
🚀 Launching ForgeVision Live Web Server on http://localhost:8000
🔁 Auto-refresh every 60 seconds
[OK] System healthy at Mon Jan  5 13:21:20 CST 2026
✅ ForgeVision Live Web Server started — view in browser:
👉  http://localhost:8000
📜 Log: /data/data/com.termux/files/home/forge/forgevision_server.log
============================================================
[!] Server missing — restarting...
[OK] System healthy at Mon Jan  5 13:21:32 CST 2026
🚀 Launching ForgeVision Live Web Server on http://localhost:8000
🔁 Auto-refresh every 60 seconds
✅ ForgeVision Live Web Server started — view in browser:
👉  http://localhost:8000
📜 Log: /data/data/com.termux/files/home/forge/forgevision_server.log
============================================================
💾 Backup complete → /data/data/com.termux/files/home/forge/backups/ForgeNet_Backup_20260105.zip
📡 Checking ForgeNet GitHub sync...
🔄 Changes detected — pushing...
fatal: Unable to create '/data/data/com.termux/files/home/ForgeNet/.git/index.lock': File exists.

Another git process seems to be running in this repository, e.g.
an editor opened by 'git commit'. Please make sure all processes
are terminated then try again. If it still fails, a git process
may have crashed in this repository earlier:
remove the file manually to continue.
fatal: Unable to create '/data/data/com.termux/files/home/ForgeNet/.git/index.lock': File exists.

Another git process seems to be running in this repository, e.g.
an editor opened by 'git commit'. Please make sure all processes
are terminated then try again. If it still fails, a git process
may have crashed in this repository earlier:
remove the file manually to continue.
fatal: Unable to create '/data/data/com.termux/files/home/ForgeNet/.git/index.lock': File exists.

Another git process seems to be running in this repository, e.g.
an editor opened by 'git commit'. Please make sure all processes
are terminated then try again. If it still fails, a git process
may have crashed in this repository earlier:
remove the file manually to continue.
✅ Analytics JSON exported → /data/data/com.termux/files/home/forge/forgevision_analytics.json
Traceback (most recent call last):
  File "/data/data/com.termux/files/home/forge/forgenet_voice.py", line 6, in <module>
    import os, re, time, termuxapi, speech_recognition as sr
ModuleNotFoundError: No module named 'termuxapi'
[!] Server missing — restarting...
[OK] System healthy at Mon Jan  5 13:22:08 CST 2026
🚀 Launching ForgeVision Live Web Server on http://localhost:8000
🔁 Auto-refresh every 60 seconds
✅ ForgeVision Live Web Server started — view in browser:
👉  http://localhost:8000
📜 Log: /data/data/com.termux/files/home/forge/forgevision_server.log
============================================================
✅ Analytics JSON exported → /data/data/com.termux/files/home/forge/forgevision_analytics.json
[!] Server missing — restarting...
[OK] System healthy at Mon Jan  5 13:22:28 CST 2026
🚀 Launching ForgeVision Live Web Server on http://localhost:8000
🔁 Auto-refresh every 60 seconds
✅ ForgeVision Live Web Server started — view in browser:
👉  http://localhost:8000
📜 Log: /data/data/com.termux/files/home/forge/forgevision_server.log
============================================================
