============================================================
============================================================
🛡️  ForgeNet Guardian Failsafe Active — 2026-01-05 11:58:25
🛡️  ForgeNet Guardian Failsafe Active — 2026-01-05 11:58:25
============================================================
============================================================
⚠️  [11:58:25] Auto-cycle not detected — restarting...
⚠️  [11:58:25] Auto-cycle not detected — restarting...
============================================================
🤖 ForgeNet Autonomous Cycle — 2026-01-05 11:58:25
============================================================
🔁 Updating master data...
🧠 Running cognitive loop...
🎨 Refreshing creativity timeline...
🌍 Pushing to GitHub Pages...
✅ Cycle complete — next in 10 min
============================================================
✅ [11:58:35] Auto-cycle restored.
✅ [11:58:35] Auto-cycle restored.
🧩 [12:03:35] System stable — auto-cycle running.
🧩 [12:03:35] System stable — auto-cycle running.
============================================================
============================================================
🛡️  ForgeNet Guardian Failsafe Active — 2026-01-05 12:18:35
🛡️  ForgeNet Guardian Failsafe Active — 2026-01-05 12:18:35
============================================================
============================================================
⚠️  [12:18:35] Auto-cycle not detected — restarting...
⚠️  [12:18:35] Auto-cycle not detected — restarting...
============================================================
🤖 ForgeNet Autonomous Cycle — 2026-01-05 12:18:35
============================================================
🔁 Updating master data...
🧠 Running cognitive loop...
🎨 Refreshing creativity timeline...
🌍 Pushing to GitHub Pages...
✅ Cycle complete — next in 10 min
============================================================
✅ [12:18:45] Auto-cycle restored.
✅ [12:18:45] Auto-cycle restored.
🧩 [12:23:45] System stable — auto-cycle running.
🧩 [12:23:45] System stable — auto-cycle running.
🔁 Starting next cycle — 2026-01-05 12:28:37
✅ Cycle complete — waiting 10 minutes...
🧩 [12:28:45] System stable — auto-cycle running.
🧩 [12:28:45] System stable — auto-cycle running.
🧩 [12:33:46] System stable — auto-cycle running.
🧩 [12:33:46] System stable — auto-cycle running.
🔁 Starting next cycle — 2026-01-05 12:38:39
✅ Cycle complete — waiting 10 minutes...
🧩 [12:38:46] System stable — auto-cycle running.
🧩 [12:38:46] System stable — auto-cycle running.
🧩 [12:43:46] System stable — auto-cycle running.
🧩 [12:43:46] System stable — auto-cycle running.
🔁 Starting next cycle — 2026-01-05 12:48:41
✅ Cycle complete — waiting 10 minutes...
🧩 [12:48:46] System stable — auto-cycle running.
🧩 [12:48:46] System stable — auto-cycle running.
🧩 [12:53:46] System stable — auto-cycle running.
🧩 [12:53:46] System stable — auto-cycle running.
🔁 Starting next cycle — 2026-01-05 12:58:43
✅ Cycle complete — waiting 10 minutes...
🧩 [12:58:46] System stable — auto-cycle running.
🧩 [12:58:46] System stable — auto-cycle running.
🧩 [13:03:46] System stable — auto-cycle running.
🧩 [13:03:46] System stable — auto-cycle running.
🔁 Starting next cycle — 2026-01-05 13:08:45
🧩 [13:08:46] System stable — auto-cycle running.
🧩 [13:08:46] System stable — auto-cycle running.
✅ Cycle complete — waiting 10 minutes...
🧩 [13:13:46] System stable — auto-cycle running.
🧩 [13:13:46] System stable — auto-cycle running.
🧩 [13:18:46] System stable — auto-cycle running.
🧩 [13:18:46] System stable — auto-cycle running.
🔁 Starting next cycle — 2026-01-05 13:18:47
✅ Cycle complete — waiting 10 minutes...
