✅ ForgeNet heartbeat — 2026-01-05 11:58:25 | up 7 hours, 47 minutes | no recent cycle
✅ ForgeNet heartbeat — 2026-01-05 11:58:25 | up 7 hours, 47 minutes | no recent cycle
{
  "url": "https://api.github.com/repos/AETAERNA/ForgeNet-Monitor/issues/1",
  "repository_url": "https://api.github.com/repos/AETAERNA/ForgeNet-Monitor",
  "labels_url": "https://api.github.com/repos/AETAERNA/ForgeNet-Monitor/issues/1/labels{/name}",
  "comments_url": "https://api.github.com/repos/AETAERNA/ForgeNet-Monitor/issues/1/comments",
  "events_url": "https://api.github.com/repos/AETAERNA/ForgeNet-Monitor/issues/1/events",
  "html_url": "https://github.com/AETAERNA/ForgeNet-Monitor/issues/1",
  "id": 3782392530,
  "node_id": "I_kwDOQ0NPwM7hcrrS",
  "number": 1,
  "title": "ForgeNet Heartbeat 11:58:25",
  "user": {
    "login": "AETAERNA",
    "id": 245732100,
    "node_id": "U_kgDODqWTBA",
    "avatar_url": "https://avatars.githubusercontent.com/u/245732100?v=4",
    "gravatar_id": "",
    "url": "https://api.github.com/users/AETAERNA",
    "html_url": "https://github.com/AETAERNA",
    "followers_url": "https://api.github.com/users/AETAERNA/followers",
    "following_url": "https://api.github.com/users/AETAERNA/following{/other_user}",
    "gists_url": "https://api.github.com/users/AETAERNA/gists{/gist_id}",
    "starred_url": "https://api.github.com/users/AETAERNA/starred{/owner}{/repo}",
    "subscriptions_url": "https://api.github.com/users/AETAERNA/subscriptions",
    "organizations_url": "https://api.github.com/users/AETAERNA/orgs",
    "repos_url": "https://api.github.com/users/AETAERNA/repos",
    "events_url": "https://api.github.com/users/AETAERNA/events{/privacy}",
    "received_events_url": "https://api.github.com/users/AETAERNA/received_events",
    "type": "User",
    "user_view_type": "public",
    "site_admin": false
  },
  "labels": [

  ],
  "state": "open",
  "locked": false,
  "assignee": null,
  "assignees": [

  ],
  "milestone": null,
  "comments": 0,
  "created_at": "2026-01-05T17:58:27Z",
  "updated_at": "2026-01-05T17:58:27Z",
  "closed_at": null,
  "author_association": "OWNER",
  "active_lock_reason": null,
  "sub_issues_summary": {
    "total": 0,
    "completed": 0,
    "percent_completed": 0
  },
  "issue_dependencies_summary": {
    "blocked_by": 0,
    "total_blocked_by": 0,
    "blocking": 0,
    "total_blocking": 0
  },
  "body": "✅ ForgeNet heartbeat — 2026-01-05 11:58:25 | up 7 hours, 47 minutes | no recent cycle",
  "closed_by": null,
  "reactions": {
    "url": "https://api.github.com/repos/AETAERNA/ForgeNet-Monitor/issues/1/reactions",
    "total_count": 0,
    "+1": 0,
    "-1": 0,
    "laugh": 0,
    "hooray": 0,
    "confused": 0,
    "heart": 0,
    "rocket": 0,
    "eyes": 0
  },
  "timeline_url": "https://api.github.com/repos/AETAERNA/ForgeNet-Monitor/issues/1/timeline",
  "performed_via_github_app": null,
  "state_reason": null
}
📡 Heartbeat pushed to GitHub repo: AETAERNA/ForgeNet-Monitor
📡 Heartbeat pushed to GitHub repo: AETAERNA/ForgeNet-Monitor
[H[J============================================================
🧠  FORGENET COMMAND CENTER — 2026-01-05 11:58:26
============================================================
📊  ENTROPY STATUS
  - No drift report found

🎨  CREATIVITY LOG:
timestamp,creative_index,variance,note
2026-01-05 10:25:00,0.42,0.05,initial_seed

🧩  COGNITIVE LOOP STATUS:
Learning rate: 0.202
Interpretation: 🌿 Neutral phase — steady pattern consolidation.
========================================================

🌍  GITHUB SYNC:
On branch gh-pages
nothing to commit, working tree clean

☁️  OVERWATCH STATUS:

☁️  OVERWATCH STATUS:

============================================================
🔄  System uptime: up 7 hours, 47 minutes
💾  Forge directory: /data/data/com.termux/files/home/forge
============================================================
✅ ForgeNet heartbeat — 2026-01-05 12:18:35 | up 8 hours, 7 minutes | ✅ Cycle complete — next in 10 min
✅ ForgeNet heartbeat — 2026-01-05 12:18:35 | up 8 hours, 7 minutes | ✅ Cycle complete — next in 10 min
{
  "url": "https://api.github.com/repos/AETAERNA/ForgeNet-Monitor/issues/2",
  "repository_url": "https://api.github.com/repos/AETAERNA/ForgeNet-Monitor",
  "labels_url": "https://api.github.com/repos/AETAERNA/ForgeNet-Monitor/issues/2/labels{/name}",
  "comments_url": "https://api.github.com/repos/AETAERNA/ForgeNet-Monitor/issues/2/comments",
  "events_url": "https://api.github.com/repos/AETAERNA/ForgeNet-Monitor/issues/2/events",
  "html_url": "https://github.com/AETAERNA/ForgeNet-Monitor/issues/2",
  "id": 3782451842,
  "node_id": "I_kwDOQ0NPwM7hc6KC",
  "number": 2,
  "title": "ForgeNet Heartbeat 12:18:35",
  "user": {
    "login": "AETAERNA",
    "id": 245732100,
    "node_id": "U_kgDODqWTBA",
    "avatar_url": "https://avatars.githubusercontent.com/u/245732100?v=4",
    "gravatar_id": "",
    "url": "https://api.github.com/users/AETAERNA",
    "html_url": "https://github.com/AETAERNA",
    "followers_url": "https://api.github.com/users/AETAERNA/followers",
    "following_url": "https://api.github.com/users/AETAERNA/following{/other_user}",
    "gists_url": "https://api.github.com/users/AETAERNA/gists{/gist_id}",
    "starred_url": "https://api.github.com/users/AETAERNA/starred{/owner}{/repo}",
    "subscriptions_url": "https://api.github.com/users/AETAERNA/subscriptions",
    "organizations_url": "https://api.github.com/users/AETAERNA/orgs",
    "repos_url": "https://api.github.com/users/AETAERNA/repos",
    "events_url": "https://api.github.com/users/AETAERNA/events{/privacy}",
    "received_events_url": "https://api.github.com/users/AETAERNA/received_events",
    "type": "User",
    "user_view_type": "public",
    "site_admin": false
  },
  "labels": [

  ],
  "state": "open",
  "locked": false,
  "assignee": null,
  "assignees": [

  ],
  "milestone": null,
  "comments": 0,
  "created_at": "2026-01-05T18:18:37Z",
  "updated_at": "2026-01-05T18:18:37Z",
  "closed_at": null,
  "author_association": "OWNER",
  "active_lock_reason": null,
  "sub_issues_summary": {
    "total": 0,
    "completed": 0,
    "percent_completed": 0
  },
  "issue_dependencies_summary": {
    "blocked_by": 0,
    "total_blocked_by": 0,
    "blocking": 0,
    "total_blocking": 0
  },
  "body": "✅ ForgeNet heartbeat — 2026-01-05 12:18:35 | up 8 hours, 7 minutes | ✅ Cycle complete — next in 10 min",
  "closed_by": null,
  "reactions": {
    "url": "https://api.github.com/repos/AETAERNA/ForgeNet-Monitor/issues/2/reactions",
    "total_count": 0,
    "+1": 0,
    "-1": 0,
    "laugh": 0,
    "hooray": 0,
    "confused": 0,
    "heart": 0,
    "rocket": 0,
    "eyes": 0
  },
  "timeline_url": "https://api.github.com/repos/AETAERNA/ForgeNet-Monitor/issues/2/timeline",
  "performed_via_github_app": null,
  "state_reason": null
}
📡 Heartbeat pushed to GitHub repo: AETAERNA/ForgeNet-Monitor
📡 Heartbeat pushed to GitHub repo: AETAERNA/ForgeNet-Monitor
[H[J============================================================
🧠  FORGENET COMMAND CENTER — 2026-01-05 12:18:36
============================================================
📊  ENTROPY STATUS
  - No drift report found

🎨  CREATIVITY LOG:
timestamp,creative_index,variance,note
2026-01-05 10:25:00,0.42,0.05,initial_seed

🧩  COGNITIVE LOOP STATUS:
Learning rate: 0.215
Interpretation: ⚡ Pattern instability detected — entropy response adapting.
========================================================

🌍  GITHUB SYNC:
On branch gh-pages
Changes not staged for commit:
  (use "git add <file>..." to update what will be committed)
  (use "git restore <file>..." to discard changes in working directory)
	modified:   ForgeVision.html

☁️  OVERWATCH STATUS:

☁️  OVERWATCH STATUS:

============================================================
🔄  System uptime: up 8 hours, 7 minutes
💾  Forge directory: /data/data/com.termux/files/home/forge
============================================================
✅ ForgeNet heartbeat — 2026-01-05 12:33:36 | up 8 hours, 22 minutes | ✅ Cycle complete — waiting 10 minutes...
✅ ForgeNet heartbeat — 2026-01-05 12:33:36 | up 8 hours, 22 minutes | ✅ Cycle complete — waiting 10 minutes...
{
  "url": "https://api.github.com/repos/AETAERNA/ForgeNet-Monitor/issues/3",
  "repository_url": "https://api.github.com/repos/AETAERNA/ForgeNet-Monitor",
  "labels_url": "https://api.github.com/repos/AETAERNA/ForgeNet-Monitor/issues/3/labels{/name}",
  "comments_url": "https://api.github.com/repos/AETAERNA/ForgeNet-Monitor/issues/3/comments",
  "events_url": "https://api.github.com/repos/AETAERNA/ForgeNet-Monitor/issues/3/events",
  "html_url": "https://github.com/AETAERNA/ForgeNet-Monitor/issues/3",
  "id": 3782492648,
  "node_id": "I_kwDOQ0NPwM7hdEHo",
  "number": 3,
  "title": "ForgeNet Heartbeat 12:33:36",
  "user": {
    "login": "AETAERNA",
    "id": 245732100,
    "node_id": "U_kgDODqWTBA",
    "avatar_url": "https://avatars.githubusercontent.com/u/245732100?v=4",
    "gravatar_id": "",
    "url": "https://api.github.com/users/AETAERNA",
    "html_url": "https://github.com/AETAERNA",
    "followers_url": "https://api.github.com/users/AETAERNA/followers",
    "following_url": "https://api.github.com/users/AETAERNA/following{/other_user}",
    "gists_url": "https://api.github.com/users/AETAERNA/gists{/gist_id}",
    "starred_url": "https://api.github.com/users/AETAERNA/starred{/owner}{/repo}",
    "subscriptions_url": "https://api.github.com/users/AETAERNA/subscriptions",
    "organizations_url": "https://api.github.com/users/AETAERNA/orgs",
    "repos_url": "https://api.github.com/users/AETAERNA/repos",
    "events_url": "https://api.github.com/users/AETAERNA/events{/privacy}",
    "received_events_url": "https://api.github.com/users/AETAERNA/received_events",
    "type": "User",
    "user_view_type": "public",
    "site_admin": false
  },
  "labels": [

  ],
  "state": "open",
  "locked": false,
  "assignee": null,
  "assignees": [

  ],
  "milestone": null,
  "comments": 0,
  "created_at": "2026-01-05T18:33:38Z",
  "updated_at": "2026-01-05T18:33:38Z",
  "closed_at": null,
  "author_association": "OWNER",
  "active_lock_reason": null,
  "sub_issues_summary": {
    "total": 0,
    "completed": 0,
    "percent_completed": 0
  },
  "issue_dependencies_summary": {
    "blocked_by": 0,
    "total_blocked_by": 0,
    "blocking": 0,
    "total_blocking": 0
  },
  "body": "✅ ForgeNet heartbeat — 2026-01-05 12:33:36 | up 8 hours, 22 minutes | ✅ Cycle complete — waiting 10 minutes...",
  "closed_by": null,
  "reactions": {
    "url": "https://api.github.com/repos/AETAERNA/ForgeNet-Monitor/issues/3/reactions",
    "total_count": 0,
    "+1": 0,
    "-1": 0,
    "laugh": 0,
    "hooray": 0,
    "confused": 0,
    "heart": 0,
    "rocket": 0,
    "eyes": 0
  },
  "timeline_url": "https://api.github.com/repos/AETAERNA/ForgeNet-Monitor/issues/3/timeline",
  "performed_via_github_app": null,
  "state_reason": null
}
📡 Heartbeat pushed to GitHub repo: AETAERNA/ForgeNet-Monitor
📡 Heartbeat pushed to GitHub repo: AETAERNA/ForgeNet-Monitor
[H[J============================================================
🧠  FORGENET COMMAND CENTER — 2026-01-05 12:33:37
============================================================
📊  ENTROPY STATUS
  - No drift report found

🎨  CREATIVITY LOG:
timestamp,creative_index,variance,note
2026-01-05 10:25:00,0.42,0.05,initial_seed

🧩  COGNITIVE LOOP STATUS:
Learning rate: 0.228
Interpretation: ⚡ Pattern instability detected — entropy response adapting.
========================================================

🌍  GITHUB SYNC:
On branch gh-pages
nothing to commit, working tree clean

☁️  OVERWATCH STATUS:

☁️  OVERWATCH STATUS:

============================================================
🔄  System uptime: up 8 hours, 22 minutes
💾  Forge directory: /data/data/com.termux/files/home/forge
============================================================
✅ ForgeNet heartbeat — 2026-01-05 12:48:37 | up 8 hours, 37 minutes | ✅ Cycle complete — waiting 10 minutes...
✅ ForgeNet heartbeat — 2026-01-05 12:48:37 | up 8 hours, 37 minutes | ✅ Cycle complete — waiting 10 minutes...
{
  "url": "https://api.github.com/repos/AETAERNA/ForgeNet-Monitor/issues/4",
  "repository_url": "https://api.github.com/repos/AETAERNA/ForgeNet-Monitor",
  "labels_url": "https://api.github.com/repos/AETAERNA/ForgeNet-Monitor/issues/4/labels{/name}",
  "comments_url": "https://api.github.com/repos/AETAERNA/ForgeNet-Monitor/issues/4/comments",
  "events_url": "https://api.github.com/repos/AETAERNA/ForgeNet-Monitor/issues/4/events",
  "html_url": "https://github.com/AETAERNA/ForgeNet-Monitor/issues/4",
  "id": 3782527190,
  "node_id": "I_kwDOQ0NPwM7hdMjW",
  "number": 4,
  "title": "ForgeNet Heartbeat 12:48:37",
  "user": {
    "login": "AETAERNA",
    "id": 245732100,
    "node_id": "U_kgDODqWTBA",
    "avatar_url": "https://avatars.githubusercontent.com/u/245732100?v=4",
    "gravatar_id": "",
    "url": "https://api.github.com/users/AETAERNA",
    "html_url": "https://github.com/AETAERNA",
    "followers_url": "https://api.github.com/users/AETAERNA/followers",
    "following_url": "https://api.github.com/users/AETAERNA/following{/other_user}",
    "gists_url": "https://api.github.com/users/AETAERNA/gists{/gist_id}",
    "starred_url": "https://api.github.com/users/AETAERNA/starred{/owner}{/repo}",
    "subscriptions_url": "https://api.github.com/users/AETAERNA/subscriptions",
    "organizations_url": "https://api.github.com/users/AETAERNA/orgs",
    "repos_url": "https://api.github.com/users/AETAERNA/repos",
    "events_url": "https://api.github.com/users/AETAERNA/events{/privacy}",
    "received_events_url": "https://api.github.com/users/AETAERNA/received_events",
    "type": "User",
    "user_view_type": "public",
    "site_admin": false
  },
  "labels": [

  ],
  "state": "open",
  "locked": false,
  "assignee": null,
  "assignees": [

  ],
  "milestone": null,
  "comments": 0,
  "created_at": "2026-01-05T18:48:39Z",
  "updated_at": "2026-01-05T18:48:39Z",
  "closed_at": null,
  "author_association": "OWNER",
  "active_lock_reason": null,
  "sub_issues_summary": {
    "total": 0,
    "completed": 0,
    "percent_completed": 0
  },
  "issue_dependencies_summary": {
    "blocked_by": 0,
    "total_blocked_by": 0,
    "blocking": 0,
    "total_blocking": 0
  },
  "body": "✅ ForgeNet heartbeat — 2026-01-05 12:48:37 | up 8 hours, 37 minutes | ✅ Cycle complete — waiting 10 minutes...",
  "closed_by": null,
  "reactions": {
    "url": "https://api.github.com/repos/AETAERNA/ForgeNet-Monitor/issues/4/reactions",
    "total_count": 0,
    "+1": 0,
    "-1": 0,
    "laugh": 0,
    "hooray": 0,
    "confused": 0,
    "heart": 0,
    "rocket": 0,
    "eyes": 0
  },
  "timeline_url": "https://api.github.com/repos/AETAERNA/ForgeNet-Monitor/issues/4/timeline",
  "performed_via_github_app": null,
  "state_reason": null
}
📡 Heartbeat pushed to GitHub repo: AETAERNA/ForgeNet-Monitor
📡 Heartbeat pushed to GitHub repo: AETAERNA/ForgeNet-Monitor
[H[J============================================================
🧠  FORGENET COMMAND CENTER — 2026-01-05 12:48:38
============================================================
📊  ENTROPY STATUS
  - No drift report found

🎨  CREATIVITY LOG:
timestamp,creative_index,variance,note
2026-01-05 10:25:00,0.42,0.05,initial_seed

🧩  COGNITIVE LOOP STATUS:
Learning rate: 0.244
Interpretation: ⚡ Pattern instability detected — entropy response adapting.
========================================================

🌍  GITHUB SYNC:
On branch gh-pages
nothing to commit, working tree clean

☁️  OVERWATCH STATUS:

☁️  OVERWATCH STATUS:

============================================================
🔄  System uptime: up 8 hours, 37 minutes
💾  Forge directory: /data/data/com.termux/files/home/forge
============================================================
✅ ForgeNet heartbeat — 2026-01-05 13:03:38 | up 8 hours, 52 minutes | ✅ Cycle complete — waiting 10 minutes...
✅ ForgeNet heartbeat — 2026-01-05 13:03:38 | up 8 hours, 52 minutes | ✅ Cycle complete — waiting 10 minutes...
{
  "url": "https://api.github.com/repos/AETAERNA/ForgeNet-Monitor/issues/5",
  "repository_url": "https://api.github.com/repos/AETAERNA/ForgeNet-Monitor",
  "labels_url": "https://api.github.com/repos/AETAERNA/ForgeNet-Monitor/issues/5/labels{/name}",
  "comments_url": "https://api.github.com/repos/AETAERNA/ForgeNet-Monitor/issues/5/comments",
  "events_url": "https://api.github.com/repos/AETAERNA/ForgeNet-Monitor/issues/5/events",
  "html_url": "https://github.com/AETAERNA/ForgeNet-Monitor/issues/5",
  "id": 3782566813,
  "node_id": "I_kwDOQ0NPwM7hdWOd",
  "number": 5,
  "title": "ForgeNet Heartbeat 13:03:38",
  "user": {
    "login": "AETAERNA",
    "id": 245732100,
    "node_id": "U_kgDODqWTBA",
    "avatar_url": "https://avatars.githubusercontent.com/u/245732100?v=4",
    "gravatar_id": "",
    "url": "https://api.github.com/users/AETAERNA",
    "html_url": "https://github.com/AETAERNA",
    "followers_url": "https://api.github.com/users/AETAERNA/followers",
    "following_url": "https://api.github.com/users/AETAERNA/following{/other_user}",
    "gists_url": "https://api.github.com/users/AETAERNA/gists{/gist_id}",
    "starred_url": "https://api.github.com/users/AETAERNA/starred{/owner}{/repo}",
    "subscriptions_url": "https://api.github.com/users/AETAERNA/subscriptions",
    "organizations_url": "https://api.github.com/users/AETAERNA/orgs",
    "repos_url": "https://api.github.com/users/AETAERNA/repos",
    "events_url": "https://api.github.com/users/AETAERNA/events{/privacy}",
    "received_events_url": "https://api.github.com/users/AETAERNA/received_events",
    "type": "User",
    "user_view_type": "public",
    "site_admin": false
  },
  "labels": [

  ],
  "state": "open",
  "locked": false,
  "assignee": null,
  "assignees": [

  ],
  "milestone": null,
  "comments": 0,
  "created_at": "2026-01-05T19:03:40Z",
  "updated_at": "2026-01-05T19:03:40Z",
  "closed_at": null,
  "author_association": "OWNER",
  "active_lock_reason": null,
  "sub_issues_summary": {
    "total": 0,
    "completed": 0,
    "percent_completed": 0
  },
  "issue_dependencies_summary": {
    "blocked_by": 0,
    "total_blocked_by": 0,
    "blocking": 0,
    "total_blocking": 0
  },
  "body": "✅ ForgeNet heartbeat — 2026-01-05 13:03:38 | up 8 hours, 52 minutes | ✅ Cycle complete — waiting 10 minutes...",
  "closed_by": null,
  "reactions": {
    "url": "https://api.github.com/repos/AETAERNA/ForgeNet-Monitor/issues/5/reactions",
    "total_count": 0,
    "+1": 0,
    "-1": 0,
    "laugh": 0,
    "hooray": 0,
    "confused": 0,
    "heart": 0,
    "rocket": 0,
    "eyes": 0
  },
  "timeline_url": "https://api.github.com/repos/AETAERNA/ForgeNet-Monitor/issues/5/timeline",
  "performed_via_github_app": null,
  "state_reason": null
}
📡 Heartbeat pushed to GitHub repo: AETAERNA/ForgeNet-Monitor
📡 Heartbeat pushed to GitHub repo: AETAERNA/ForgeNet-Monitor
[H[J============================================================
🧠  FORGENET COMMAND CENTER — 2026-01-05 13:03:39
============================================================
📊  ENTROPY STATUS
  - No drift report found

🎨  CREATIVITY LOG:
timestamp,creative_index,variance,note
2026-01-05 10:25:00,0.42,0.05,initial_seed

🧩  COGNITIVE LOOP STATUS:
========================================================
[gh-pages 5064b45] Auto Research Journal update @ 2026-01-05 13:03:38
 1 file changed, 25 insertions(+)

🌍  GITHUB SYNC:
On branch gh-pages
nothing to commit, working tree clean

☁️  OVERWATCH STATUS:

☁️  OVERWATCH STATUS:

============================================================
🔄  System uptime: up 8 hours, 52 minutes
💾  Forge directory: /data/data/com.termux/files/home/forge
============================================================
✅ ForgeNet heartbeat — 2026-01-05 13:18:39 | up 9 hours, 7 minutes | ✅ Cycle complete — waiting 10 minutes...
✅ ForgeNet heartbeat — 2026-01-05 13:18:39 | up 9 hours, 7 minutes | ✅ Cycle complete — waiting 10 minutes...
{
  "url": "https://api.github.com/repos/AETAERNA/ForgeNet-Monitor/issues/6",
  "repository_url": "https://api.github.com/repos/AETAERNA/ForgeNet-Monitor",
  "labels_url": "https://api.github.com/repos/AETAERNA/ForgeNet-Monitor/issues/6/labels{/name}",
  "comments_url": "https://api.github.com/repos/AETAERNA/ForgeNet-Monitor/issues/6/comments",
  "events_url": "https://api.github.com/repos/AETAERNA/ForgeNet-Monitor/issues/6/events",
  "html_url": "https://github.com/AETAERNA/ForgeNet-Monitor/issues/6",
  "id": 3782605321,
  "node_id": "I_kwDOQ0NPwM7hdfoJ",
  "number": 6,
  "title": "ForgeNet Heartbeat 13:18:39",
  "user": {
    "login": "AETAERNA",
    "id": 245732100,
    "node_id": "U_kgDODqWTBA",
    "avatar_url": "https://avatars.githubusercontent.com/u/245732100?v=4",
    "gravatar_id": "",
    "url": "https://api.github.com/users/AETAERNA",
    "html_url": "https://github.com/AETAERNA",
    "followers_url": "https://api.github.com/users/AETAERNA/followers",
    "following_url": "https://api.github.com/users/AETAERNA/following{/other_user}",
    "gists_url": "https://api.github.com/users/AETAERNA/gists{/gist_id}",
    "starred_url": "https://api.github.com/users/AETAERNA/starred{/owner}{/repo}",
    "subscriptions_url": "https://api.github.com/users/AETAERNA/subscriptions",
    "organizations_url": "https://api.github.com/users/AETAERNA/orgs",
    "repos_url": "https://api.github.com/users/AETAERNA/repos",
    "events_url": "https://api.github.com/users/AETAERNA/events{/privacy}",
    "received_events_url": "https://api.github.com/users/AETAERNA/received_events",
    "type": "User",
    "user_view_type": "public",
    "site_admin": false
  },
  "labels": [

  ],
  "state": "open",
  "locked": false,
  "assignee": null,
  "assignees": [

  ],
  "milestone": null,
  "comments": 0,
  "created_at": "2026-01-05T19:18:41Z",
  "updated_at": "2026-01-05T19:18:41Z",
  "closed_at": null,
  "author_association": "OWNER",
  "active_lock_reason": null,
  "sub_issues_summary": {
    "total": 0,
    "completed": 0,
    "percent_completed": 0
  },
  "issue_dependencies_summary": {
    "blocked_by": 0,
    "total_blocked_by": 0,
    "blocking": 0,
    "total_blocking": 0
  },
  "body": "✅ ForgeNet heartbeat — 2026-01-05 13:18:39 | up 9 hours, 7 minutes | ✅ Cycle complete — waiting 10 minutes...",
  "closed_by": null,
  "reactions": {
    "url": "https://api.github.com/repos/AETAERNA/ForgeNet-Monitor/issues/6/reactions",
    "total_count": 0,
    "+1": 0,
    "-1": 0,
    "laugh": 0,
    "hooray": 0,
    "confused": 0,
    "heart": 0,
    "rocket": 0,
    "eyes": 0
  },
  "timeline_url": "https://api.github.com/repos/AETAERNA/ForgeNet-Monitor/issues/6/timeline",
  "performed_via_github_app": null,
  "state_reason": null
}
📡 Heartbeat pushed to GitHub repo: AETAERNA/ForgeNet-Monitor
📡 Heartbeat pushed to GitHub repo: AETAERNA/ForgeNet-Monitor
[H[J============================================================
🧠  FORGENET COMMAND CENTER — 2026-01-05 13:18:40
============================================================
📊  ENTROPY STATUS
  - No drift report found

🎨  CREATIVITY LOG:
timestamp,creative_index,variance,note
2026-01-05 10:25:00,0.42,0.05,initial_seed

🧩  COGNITIVE LOOP STATUS:
Learning rate: 0.255
Interpretation: ⚡ Pattern instability detected — entropy response adapting.
========================================================

🌍  GITHUB SYNC:
On branch gh-pages
Changes to be committed:
  (use "git restore --staged <file>..." to unstage)
	modified:   exports/forgenet_research_journal.log


☁️  OVERWATCH STATUS:

☁️  OVERWATCH STATUS:

============================================================
🔄  System uptime: up 9 hours, 7 minutes
💾  Forge directory: /data/data/com.termux/files/home/forge
============================================================
