🧬 Forge Intelligence Cycle — 20260105_125612
🚀 Forge Auto-Research Run — Mon Jan  5 12:56:12 CST 2026
=== [1/3] Running Research Assist ===
=== [2/3] Running Pattern Visualizer ===
=== [3/3] Running Neural Insight ===
✅ Forge Auto-Research cycle complete — log saved to:
   /data/data/com.termux/files/home/forge/forgenet_auto_research_20260105_125612.log
🧠 Last 10 lines of log:
[Cluster 02] — 2 folios | Avg h1=3.427, h2=0.463
   Dominant tokens: isqtpxxvororsheey, qokedyqokedyqokedyqokedyqokedyexampleevatext
   Folios: f116v_eva.txt, sample_eva.txt ...
[Cluster 03] — 1 folios | Avg h1=4.231, h2=3.202
   Dominant tokens: ivtffevafalasteditedonbystolfianinterlineararchiveofvoynichmanuscripttranscriptionsinevaovervieweditedbyjstolfireleaseed
   Folios: full_eva.txt ...

🧩 Clustering complete — linguistic family map rendered.
🧠 Last 10 lines of log:
🧠 Last 10 lines of log:
🔍 Drift: 20260105,3.997,0.0
Traceback (most recent call last):
  File "<stdin>", line 1, in <module>
ModuleNotFoundError: No module named 'pandas'
⏱ Next cycle in 2572 seconds (~42 min)
