remote: 
remote: Create a pull request for 'gh-pages' on GitHub by visiting:        
remote:      https://github.com/AETAERNA/ForgeNet/pull/new/gh-pages        
remote: 
To https://github.com/AETAERNA/ForgeNet.git
 * [new branch]      gh-pages -> gh-pages
To https://github.com/AETAERNA/ForgeNet.git
   59dfc7c..8522207  gh-pages -> gh-pages
To https://github.com/AETAERNA/ForgeNet.git
   8522207..0eb5977  gh-pages -> gh-pages
To https://github.com/AETAERNA/ForgeNet.git
   0eb5977..6c10614  gh-pages -> gh-pages
To https://github.com/AETAERNA/ForgeNet.git
   6c10614..c91b076  gh-pages -> gh-pages
To https://github.com/AETAERNA/ForgeNet.git
   c91b076..b4600fd  gh-pages -> gh-pages
To https://github.com/AETAERNA/ForgeNet.git
   b4600fd..3d6e7a4  gh-pages -> gh-pages
To https://github.com/AETAERNA/ForgeNet.git
   3d6e7a4..378eccc  gh-pages -> gh-pages
Everything up-to-date
