============================================================
🩺 ForgeNet Integrity Verifier — 20260105_124618
============================================================
4696bb0780fc8da947ba4b84a41d47f8833eb39d54de82d84a306cdebaee50c5  ./forgeflow.sh
91853462f339b03034e0ebdf843ec98d484b4f93124cc2d118f30d63bc1db2e9  ./voynich_f17r_sim/sim_engine.py
b174c235ebccb675cb7af4888e79613373b2692822eba7f63ce87a10a6e0dc97  ./voynich_f17r_sim/adaptive_analysis.py
88b45dff420afec156cd94440329a92d238709f78af59e174589774b58d8e16d  ./voynich_f17r_sim/forge_visualizer.py
ce8033f92c0e98b0de0df07858592ac3e24f62d55354a1e5642bab6aa2e5668a  ./voynich_f17r_sim/forge_ai_sync.py
0e1a61b71b50ac8834d2612e3703fedbf9e8d75db2aeb87b56e47d207933fe90  ./voynich_f17r_sim/forge_dashboard.py
b87364088f17fdd13055a520f67ac168c42f3fb8edea9300b393aaca264ddb04  ./voynich_f17r_sim/forge_evolve.py
48e3ba1aa5c8e9016ab784edc28e16cae9bc1ce5eab08ac11411df4c5b5b74e1  ./voynich_f17r_sim/forgeflow_autoevolve_patch.sh
1add677a7de4b2d60b995e8f62fe04bf1c5f2cb5b0973e7a5ec49454e430adc7  ./voynich_f17r_sim/forge_swarm_bridge.py
f413c9660d7dca5392ee0443737d42dee3c7ea4e5fd70da61fd56e42fe74bef2  ./voynich_f17r_sim/forge_heartbeat.py
94a07221a7d64ebfbd9f3afb49009f91970fac6acef028f53260bd92ccc91a49  ./voynich_f17r_sim/sim_engine_backup.py
29264fba11aa835c5b4a0cd459bca8c35c461c2e75f2e5631b802f69815ffbb5  ./voynich_f17r_sim/forge_entropy_logger.py
5f816b52a4c0c9e313a95108187dcdce4139709b022cadada2cf60171534ffac  ./voynich_f17r_sim/forge_autocycle.py
dde616088d34c24cdfe38c095dde89ccf163ecf6b55b29bc409092bd8cb83bfc  ./voynich_f17r_sim/forge_heartbeat_notify.sh
46063f2a6dff1b0212048aa89ed1c92562be46a7f418ed7cf889ebade712c9cc  ./forge_autocycle.sh
ccb421824b366d58af0d0b01402356b8ee07c6ebb6acd4bb7ccd5f53c7e8ea98  ./forgenet_sync.py
84673bfbb5ac98fc5d0fdb3d9177862482e136d6d1f5da66062a833c3f8b251c  ./forgenet_visualizer.py
e422330ad4b7581fe7e52bbc309ceca4a4050665b9fd3abd5b08d453aabdbb66  ./forgenet_dashboard.sh
277cc886f82f870e59c80f9964e7842c4f6769ed56a333c34342d80f796796dc  ./forgenet_crossfolio.py
df320fbfa7e3ab463e7cfa90f058eea203dc2f50184b494b414a7c00c01a55ac  ./forge_tokenmap.py
6910da537840ecb33f3f61f94cb612a45770623fa026989917da1b41807e8201  ./forgenet_correlation.py
048cb0a05a8dfe1eb94fa0c0ab7e020659329a93421709a4498caaa1a780d479  ./forgenet_drift.py
0cd975e7e27f3a61d4ea007998bd66843cec1a9b13da4fe8bf31ab9c244e6736  ./forgenet_cluster.py
03618f4e82691e28a84cf06e1789230f0d2e96ddd983891e651bb85b2f20c851  ./forgenet_status.sh
58737cb8a34cd70a64728f59f96ebd574b1c56dba52f1e809e79491454051fa0  ./forgenet_autopilot.sh
63d738f6a7c84742a33ee22890c4a3d73a407b6295c6d145c418b2f4340660de  ./forge_pulse_monitor.sh
aa345b3b315883ac482f7a015a0f5d87f020686a99c47a640d6b5d470fb65720  ./forge_reset.sh
17b120cd42f99ef95f7e636827a5b6ef90679b1fd38e452145dc0f4f2dfa9c22  ./auto_output.sh
27c6553177322fa8a4e52902d1d2990c3a69ad4a2cd93372fab994f36884984c  ./forgenet_heatmap.py
8b8a1114c3e16d06c7826705562bb27f2dbcadd4efe598335b61225a293a9e01  ./entropy_wave.py
5fd69218374910263d2c983276461a59350c5a5348634b3472d3b69a7f39231b  ./forge_master.sh
cd245d364bd377d6c65b9e606d859616c1e6ab75cf741e8efdbf5669d74cc929  ./forgenet_plotlite.py
7fef50bc986b6f99f8ae23dd8446dd6aa206da00cf04d2e55bb7af2339d7c98c  ./forgenet_search.py
b40ce34be27e11da1a33e08dc12656fa22a36b725a8ae8632b42863266a6b149  ./forgenet_watchdog.sh
83b26dcd2bb73d307e5b064d6472fc23f0a0e2f3a6ba8358415a452dfe5c6457  ./forge_config.sh
4806cbbd83eb1c747c64b4f772eb090c5ca454e4c76a434b6ae9a5335dd8c4e7  ./forgenet_synclayer.sh
2aa2c14ae27c37981c3a00174d9d2c075db6c901b170e925b077de49e33bf2e4  ./forgenet_research_assist.py
2dd58384579409916364d87d9277401a63cf60535eb3ab86c7cbe4c0a68eea20  ./forgenet_pattern_visualizer.py
b8926d8b910d23d812e92b520a56a8583f8bad3186aaf6bdd0f778f7f2d07109  ./forgenet_neural_insight.py
115abd7267b6c99922b62321c12cc06b3ffeea1734ee99ff26f208cc9c5c8992  ./forge_auto_research.sh
a6d5441fdbe0e07ad05c7b7e830c53c221ed2fc1a49be4627b558f764d378804  ./forge_intelligence.sh
69afcd1b0f09054a79fece1de29e0e99b9bd069f6c9df81555761a07be02bc6a  ./forgenet_memory_engine.py
15b815dad250c2db6166e0699d958a52b04eb147f5964df3a3346160d34b4d44  ./forgenet_reflective_mind.py
9b50e764d15ad7f7325efd73a94d5ed03d3b119a53b3727cab9cf415f5abd90b  ./forge_relay.sh
d6fb0d4058e5f42ec6d3d58369bc39ad58cc60ace6de02e72ed6f86965e611c9  ./forgenet_cognitive_loop.py
d823120780c1f11c6ddf377acc75955ff13b332824253398402e66d2cf2204ba  ./forge_orchestrator.sh
4bba147c75f819d778062bd6dbbfedc10ad9518eee6897521b0a71f5edcd4a6b  ./forge_autoloop.sh
d56424dc7048c491611fdf4ec10d695f455e38b837601af88026916e22f4a746  ./forgenet_montecarlo.py
c1478478bd7449cf708a40488a9154fff6357993003b14c498c500b90d51c7b0  ./forgenet_creativity_map.py
e46228b7ceccd39193baf8a1a333f445d2ab521bf6069e267e5db1d1a98e9cae  ./forgenet_creativity_timeline.py
22239dfbc37f8b8b3529c6128f73ae2fef9ebe7cca3f16c3ae91b5e8a69b177c  ./forgenet_entropy_drift.py
4cfa6cd4d61cd1d633dffebca208816058e61f6e3ac7a271e7a1c1a84458a12f  ./forgenet_syncpulse.sh
d973089675a82b9beb4a21b216a6a0585061bc9841566593b48d9eee588ee816  ./forgenet_dashboard_cognitive.sh
9b8b98356ee4b430b041ec6f8da1f30d2a3098260fdf4efdc5d22be745119a11  ./forgenet_dashboard_live.sh
065ff173a6f9ad7611a4e9bff7bd84286090b872d5a6fb3dfee43b3b961ce2a9  ./forgenet_decode_engine.py
0ab6b15a63a0e2415504736ce70e40b2d6a97adf411afc3eeed2994c1a680e27  ./forgenet_semantic_drift.py
0be8b983ccb97f463a46db93b7b19d712b9d049967e58a8f2014625515f02bf5  ./forgenet_lexicon_graph.py
a559edb952646ec93a91421c93314b74368dcf7a7e45a68b3f1753632ccfddd0  ./forgenet_solver_pilot.py
d1ed604b8299e33a944f122025eac97149fb30d9578f63213ba9d192dad79187  ./forgenet_predictive_insight.py
55c123548d2aa608c4aff5f8c2d61acdc1235925a28b329e4c2cd7698ee1b68a  ./forgenet_autopilot_loop.py
522704b45ffbbadcd4d0d2bb7079e0907ecf07e206d1c141a05ef22d8cb3388b  ./forgenet_autopilot_visual.py
c50c78c9d97add122a7e1c403f9732f84aa8333f73232b7ee97366d9be781ee4  ./forgenet_meaning_convergence.py
a277117155b9c5615f2a92dfe2daed639aa38c9794078220ded23f70b3286801  ./forgenet_semantic_resonance.py
e3a337fe978aaed4b968c643816e4d45510db2353a2e1769256e644d2016c9a6  ./forgenet_cognitive_alignment.py
bcb74dc01c22706fba25c640836eae4c35821855f4a804159a98cbc990f60a61  ./forgenet_concordance.py
6104bf9ae61db9eee486e1d95c094fe9bf9371fda3ee0688201d451e52010eee  ./forgenet_semantic_matrix.py
840d05d6a47c8449bbeef15aebd66a6896685ceeb98331094ecff9e59966cee2  ./forgenet_restart.sh
4d75eece7f4c3d8410e298a9f9c834189bae447f3f3bcd10d12ff3cbca922ca4  ./forgenet_autosync.sh
8e9c5e432e0bae78c1367a2c880de4c5611fb96c3f8f57f113c9ac0135412665  ./forgenet_selfheal.py
d1f5288199ccb2016a68c07f0a842317a2911faa5e32009f5848b54849e2dcdb  ./forgenet_genesis_dashboard.py
dc7712154e08be80b4536a7916af4bcbf165fa86e99cb0419af60e400dd67190  ./forgenet_voice_interpreter.py
3f1e1f28ea47f23409d77bb5f206b6878c18ed0504dca92abcafc71ed0f1ed31  ./forgenet_reflective_memory.py
216f592b5a217d39ed3fe117f6205c25ba0bcd6fe8bd9d2fc10ec4d7c88e77cb  ./forgenet_cloud_beacon.sh
1a1953e47d83383abfef2c2b09fcfb5fdaee39b7ad5bae7f5a81b9c89dcd8bfe  ./forgenet_autodoc.sh
f9fc8060feddb22b619f71d65e5f8534310650191b235215f9a5cc27c21320b6  ./forgenet_github_pages.sh
c44e10cde076f8ea2cf5550c146431f81cf6abc247511dca03fe15fb97f43fa4  ./forgenet_autocycle_publisher.sh
2f5526f68fab67e7866fda7cc0df1937ee582072eb7e587af0c26dddb41cc651  ./forgenet_guardian.sh
308535d6073b63030469ddd866cf4a7b18dfc6434b260efd6d015d7905bced7a  ./forgenet_overwatch_command.sh
f90dc7cb9bdf67a983598998d10b3817705e54401fe5824f0992b28311a21f33  ./forgenet_mobile_ui.sh
177433aac44a616e47dc0bb126c89c886f937b7d29b73a0f4ba7f18b73eecbe6  ./mobile_ui/server.py
3045b92496ca0e0fda85924bf92b01fc60bb5e140213e2b397501211c328b7b8  ./forgenet_command_center.py
0e9913129ac49f66b1e41df36a312187a4f76c9c8f9b30b4309fbae03cad29db  ./forgenet_narrator_autolink.sh
c8554293b9e83742767855036704f16e3a11843deba416cb9b13bd99b4e4ce33  ./forgenet_linguistic_genesis.py
e76319207a2ed78bef65411b1c207ae75749cc3bc66dbc97c8e8e25f4f3c0a34  ./forgenet_linguistic_visualizer.py
59ec3187ebe12506aec233cafc2d00f57a5b1251bd8e89a36fa139902973cb30  ./forgenet_genesis_interpreter.py
8ab425326fa6fbe4659fa330b2b103146cc76b0d2dcf396d76e27b1f9eb45d0e  ./forgenet_finalize.sh
90d40b1770188471418af5bb715ecb406c1e40ca1813e0bb58000016a6262737  ./forgeboard.sh
4696bb0780fc8da947ba4b84a41d47f8833eb39d54de82d84a306cdebaee50c5  ./ForgeNet_Restore_20260105_104652/forge/forgeflow.sh
91853462f339b03034e0ebdf843ec98d484b4f93124cc2d118f30d63bc1db2e9  ./ForgeNet_Restore_20260105_104652/forge/voynich_f17r_sim/sim_engine.py
b174c235ebccb675cb7af4888e79613373b2692822eba7f63ce87a10a6e0dc97  ./ForgeNet_Restore_20260105_104652/forge/voynich_f17r_sim/adaptive_analysis.py
88b45dff420afec156cd94440329a92d238709f78af59e174589774b58d8e16d  ./ForgeNet_Restore_20260105_104652/forge/voynich_f17r_sim/forge_visualizer.py
ce8033f92c0e98b0de0df07858592ac3e24f62d55354a1e5642bab6aa2e5668a  ./ForgeNet_Restore_20260105_104652/forge/voynich_f17r_sim/forge_ai_sync.py
0e1a61b71b50ac8834d2612e3703fedbf9e8d75db2aeb87b56e47d207933fe90  ./ForgeNet_Restore_20260105_104652/forge/voynich_f17r_sim/forge_dashboard.py
b87364088f17fdd13055a520f67ac168c42f3fb8edea9300b393aaca264ddb04  ./ForgeNet_Restore_20260105_104652/forge/voynich_f17r_sim/forge_evolve.py
48e3ba1aa5c8e9016ab784edc28e16cae9bc1ce5eab08ac11411df4c5b5b74e1  ./ForgeNet_Restore_20260105_104652/forge/voynich_f17r_sim/forgeflow_autoevolve_patch.sh
1add677a7de4b2d60b995e8f62fe04bf1c5f2cb5b0973e7a5ec49454e430adc7  ./ForgeNet_Restore_20260105_104652/forge/voynich_f17r_sim/forge_swarm_bridge.py
f413c9660d7dca5392ee0443737d42dee3c7ea4e5fd70da61fd56e42fe74bef2  ./ForgeNet_Restore_20260105_104652/forge/voynich_f17r_sim/forge_heartbeat.py
94a07221a7d64ebfbd9f3afb49009f91970fac6acef028f53260bd92ccc91a49  ./ForgeNet_Restore_20260105_104652/forge/voynich_f17r_sim/sim_engine_backup.py
29264fba11aa835c5b4a0cd459bca8c35c461c2e75f2e5631b802f69815ffbb5  ./ForgeNet_Restore_20260105_104652/forge/voynich_f17r_sim/forge_entropy_logger.py
5f816b52a4c0c9e313a95108187dcdce4139709b022cadada2cf60171534ffac  ./ForgeNet_Restore_20260105_104652/forge/voynich_f17r_sim/forge_autocycle.py
dde616088d34c24cdfe38c095dde89ccf163ecf6b55b29bc409092bd8cb83bfc  ./ForgeNet_Restore_20260105_104652/forge/voynich_f17r_sim/forge_heartbeat_notify.sh
46063f2a6dff1b0212048aa89ed1c92562be46a7f418ed7cf889ebade712c9cc  ./ForgeNet_Restore_20260105_104652/forge/forge_autocycle.sh
ccb421824b366d58af0d0b01402356b8ee07c6ebb6acd4bb7ccd5f53c7e8ea98  ./ForgeNet_Restore_20260105_104652/forge/forgenet_sync.py
84673bfbb5ac98fc5d0fdb3d9177862482e136d6d1f5da66062a833c3f8b251c  ./ForgeNet_Restore_20260105_104652/forge/forgenet_visualizer.py
e422330ad4b7581fe7e52bbc309ceca4a4050665b9fd3abd5b08d453aabdbb66  ./ForgeNet_Restore_20260105_104652/forge/forgenet_dashboard.sh
277cc886f82f870e59c80f9964e7842c4f6769ed56a333c34342d80f796796dc  ./ForgeNet_Restore_20260105_104652/forge/forgenet_crossfolio.py
df320fbfa7e3ab463e7cfa90f058eea203dc2f50184b494b414a7c00c01a55ac  ./ForgeNet_Restore_20260105_104652/forge/forge_tokenmap.py
6910da537840ecb33f3f61f94cb612a45770623fa026989917da1b41807e8201  ./ForgeNet_Restore_20260105_104652/forge/forgenet_correlation.py
048cb0a05a8dfe1eb94fa0c0ab7e020659329a93421709a4498caaa1a780d479  ./ForgeNet_Restore_20260105_104652/forge/forgenet_drift.py
0cd975e7e27f3a61d4ea007998bd66843cec1a9b13da4fe8bf31ab9c244e6736  ./ForgeNet_Restore_20260105_104652/forge/forgenet_cluster.py
c8fd26f63a8a09336a375ae5bdc8a02ca32ccb935586a2a76cecfa3b400b9c2d  ./ForgeNet_Restore_20260105_104652/forge/forgenet_status.sh
58737cb8a34cd70a64728f59f96ebd574b1c56dba52f1e809e79491454051fa0  ./ForgeNet_Restore_20260105_104652/forge/forgenet_autopilot.sh
63d738f6a7c84742a33ee22890c4a3d73a407b6295c6d145c418b2f4340660de  ./ForgeNet_Restore_20260105_104652/forge/forge_pulse_monitor.sh
aa345b3b315883ac482f7a015a0f5d87f020686a99c47a640d6b5d470fb65720  ./ForgeNet_Restore_20260105_104652/forge/forge_reset.sh
17b120cd42f99ef95f7e636827a5b6ef90679b1fd38e452145dc0f4f2dfa9c22  ./ForgeNet_Restore_20260105_104652/forge/auto_output.sh
27c6553177322fa8a4e52902d1d2990c3a69ad4a2cd93372fab994f36884984c  ./ForgeNet_Restore_20260105_104652/forge/forgenet_heatmap.py
8b8a1114c3e16d06c7826705562bb27f2dbcadd4efe598335b61225a293a9e01  ./ForgeNet_Restore_20260105_104652/forge/entropy_wave.py
5fd69218374910263d2c983276461a59350c5a5348634b3472d3b69a7f39231b  ./ForgeNet_Restore_20260105_104652/forge/forge_master.sh
cd245d364bd377d6c65b9e606d859616c1e6ab75cf741e8efdbf5669d74cc929  ./ForgeNet_Restore_20260105_104652/forge/forgenet_plotlite.py
7fef50bc986b6f99f8ae23dd8446dd6aa206da00cf04d2e55bb7af2339d7c98c  ./ForgeNet_Restore_20260105_104652/forge/forgenet_search.py
b40ce34be27e11da1a33e08dc12656fa22a36b725a8ae8632b42863266a6b149  ./ForgeNet_Restore_20260105_104652/forge/forgenet_watchdog.sh
83b26dcd2bb73d307e5b064d6472fc23f0a0e2f3a6ba8358415a452dfe5c6457  ./ForgeNet_Restore_20260105_104652/forge/forge_config.sh
4806cbbd83eb1c747c64b4f772eb090c5ca454e4c76a434b6ae9a5335dd8c4e7  ./ForgeNet_Restore_20260105_104652/forge/forgenet_synclayer.sh
2aa2c14ae27c37981c3a00174d9d2c075db6c901b170e925b077de49e33bf2e4  ./ForgeNet_Restore_20260105_104652/forge/forgenet_research_assist.py
2dd58384579409916364d87d9277401a63cf60535eb3ab86c7cbe4c0a68eea20  ./ForgeNet_Restore_20260105_104652/forge/forgenet_pattern_visualizer.py
b8926d8b910d23d812e92b520a56a8583f8bad3186aaf6bdd0f778f7f2d07109  ./ForgeNet_Restore_20260105_104652/forge/forgenet_neural_insight.py
115abd7267b6c99922b62321c12cc06b3ffeea1734ee99ff26f208cc9c5c8992  ./ForgeNet_Restore_20260105_104652/forge/forge_auto_research.sh
a6d5441fdbe0e07ad05c7b7e830c53c221ed2fc1a49be4627b558f764d378804  ./ForgeNet_Restore_20260105_104652/forge/forge_intelligence.sh
69afcd1b0f09054a79fece1de29e0e99b9bd069f6c9df81555761a07be02bc6a  ./ForgeNet_Restore_20260105_104652/forge/forgenet_memory_engine.py
15b815dad250c2db6166e0699d958a52b04eb147f5964df3a3346160d34b4d44  ./ForgeNet_Restore_20260105_104652/forge/forgenet_reflective_mind.py
9b50e764d15ad7f7325efd73a94d5ed03d3b119a53b3727cab9cf415f5abd90b  ./ForgeNet_Restore_20260105_104652/forge/forge_relay.sh
d6fb0d4058e5f42ec6d3d58369bc39ad58cc60ace6de02e72ed6f86965e611c9  ./ForgeNet_Restore_20260105_104652/forge/forgenet_cognitive_loop.py
d823120780c1f11c6ddf377acc75955ff13b332824253398402e66d2cf2204ba  ./ForgeNet_Restore_20260105_104652/forge/forge_orchestrator.sh
4bba147c75f819d778062bd6dbbfedc10ad9518eee6897521b0a71f5edcd4a6b  ./ForgeNet_Restore_20260105_104652/forge/forge_autoloop.sh
d56424dc7048c491611fdf4ec10d695f455e38b837601af88026916e22f4a746  ./ForgeNet_Restore_20260105_104652/forge/forgenet_montecarlo.py
c1478478bd7449cf708a40488a9154fff6357993003b14c498c500b90d51c7b0  ./ForgeNet_Restore_20260105_104652/forge/forgenet_creativity_map.py
e46228b7ceccd39193baf8a1a333f445d2ab521bf6069e267e5db1d1a98e9cae  ./ForgeNet_Restore_20260105_104652/forge/forgenet_creativity_timeline.py
22239dfbc37f8b8b3529c6128f73ae2fef9ebe7cca3f16c3ae91b5e8a69b177c  ./ForgeNet_Restore_20260105_104652/forge/forgenet_entropy_drift.py
4cfa6cd4d61cd1d633dffebca208816058e61f6e3ac7a271e7a1c1a84458a12f  ./ForgeNet_Restore_20260105_104652/forge/forgenet_syncpulse.sh
d973089675a82b9beb4a21b216a6a0585061bc9841566593b48d9eee588ee816  ./ForgeNet_Restore_20260105_104652/forge/forgenet_dashboard_cognitive.sh
9b8b98356ee4b430b041ec6f8da1f30d2a3098260fdf4efdc5d22be745119a11  ./ForgeNet_Restore_20260105_104652/forge/forgenet_dashboard_live.sh
065ff173a6f9ad7611a4e9bff7bd84286090b872d5a6fb3dfee43b3b961ce2a9  ./ForgeNet_Restore_20260105_104652/forge/forgenet_decode_engine.py
0ab6b15a63a0e2415504736ce70e40b2d6a97adf411afc3eeed2994c1a680e27  ./ForgeNet_Restore_20260105_104652/forge/forgenet_semantic_drift.py
0be8b983ccb97f463a46db93b7b19d712b9d049967e58a8f2014625515f02bf5  ./ForgeNet_Restore_20260105_104652/forge/forgenet_lexicon_graph.py
a559edb952646ec93a91421c93314b74368dcf7a7e45a68b3f1753632ccfddd0  ./ForgeNet_Restore_20260105_104652/forge/forgenet_solver_pilot.py
d1ed604b8299e33a944f122025eac97149fb30d9578f63213ba9d192dad79187  ./ForgeNet_Restore_20260105_104652/forge/forgenet_predictive_insight.py
55c123548d2aa608c4aff5f8c2d61acdc1235925a28b329e4c2cd7698ee1b68a  ./ForgeNet_Restore_20260105_104652/forge/forgenet_autopilot_loop.py
522704b45ffbbadcd4d0d2bb7079e0907ecf07e206d1c141a05ef22d8cb3388b  ./ForgeNet_Restore_20260105_104652/forge/forgenet_autopilot_visual.py
c50c78c9d97add122a7e1c403f9732f84aa8333f73232b7ee97366d9be781ee4  ./ForgeNet_Restore_20260105_104652/forge/forgenet_meaning_convergence.py
a277117155b9c5615f2a92dfe2daed639aa38c9794078220ded23f70b3286801  ./ForgeNet_Restore_20260105_104652/forge/forgenet_semantic_resonance.py
e3a337fe978aaed4b968c643816e4d45510db2353a2e1769256e644d2016c9a6  ./ForgeNet_Restore_20260105_104652/forge/forgenet_cognitive_alignment.py
840d05d6a47c8449bbeef15aebd66a6896685ceeb98331094ecff9e59966cee2  ./ForgeNet_Restore_20260105_104652/forge/forgenet_restart.sh
c8554293b9e83742767855036704f16e3a11843deba416cb9b13bd99b4e4ce33  ./ForgeNet_Restore_20260105_104652/forge/forgenet_linguistic_genesis.py
e76319207a2ed78bef65411b1c207ae75749cc3bc66dbc97c8e8e25f4f3c0a34  ./ForgeNet_Restore_20260105_104652/forge/forgenet_linguistic_visualizer.py
59ec3187ebe12506aec233cafc2d00f57a5b1251bd8e89a36fa139902973cb30  ./ForgeNet_Restore_20260105_104652/forge/forgenet_genesis_interpreter.py
8ab425326fa6fbe4659fa330b2b103146cc76b0d2dcf396d76e27b1f9eb45d0e  ./ForgeNet_Restore_20260105_104652/forge/forgenet_finalize.sh
bcb74dc01c22706fba25c640836eae4c35821855f4a804159a98cbc990f60a61  ./ForgeNet_Restore_20260105_104652/forge/forgenet_concordance.py
6104bf9ae61db9eee486e1d95c094fe9bf9371fda3ee0688201d451e52010eee  ./ForgeNet_Restore_20260105_104652/forge/forgenet_semantic_matrix.py
3c6a76a89297d0adcd342bd02ac4bf67d3f60d2212997b1ac710ed0df58133b8  ./forgenet_genesis.py
9636d9d4cad8e36f8e3d7497a7e037b2c297d58a252b08c1221042efc4aec52d  ./forgenet_autopush.sh
fb619f0686e62ea276f9e92bcb95389892b44dc4a7d98590f90f1cd0c89ed260  ./forgenet_memory_visualizer.py
85cc63f57ced06143f856c7424aea438ca07473cbcacaba624e5b09cb2b235bd  ./forgenet_control_panel.sh
2db2adc32c2c10f53c2131ef22167e08d0cd09db91987b2c3c632d8959ec3cde  ./forgenet_banner.sh
107ac2f46d2176ea5e4fb51012ccb7851cee62ee33d72627e47550a8d79cdb9f  ./forgenet_github_sync.sh
48bd057cb64305ab8ee56194ce41a1b989f9f2a2f2a3d44512bd0231b2a85d73  ./forgeboard_pro.sh
36aace747a4ae45e62d1491ea028de9e14812e8392d0b6e04290dc6f0c7f71db  ./forgevision.sh
83766b630fca45b2440c4aef09fb497b4a5da8df8b834b9e26f95a26a92aaaed  ./forgenet_overwatch.sh
c7396356f11f25d2109e71e38d18e8c7fbd149b883588b8ad5b2270fccc90e4e  ./forgeall.sh
1f081f2d29fd7aeef601e12b334686a208fdb059e8253e8d06ec10224a515251  ./forgenet_recovery.sh
5bf4283ea3dabc0e32ef7c061db669f397e53d35bca74f2951e814c992d76c1e  ./forgenet_evolution_engine.py
89c8fbf7edda971a592263401c15d31e987930e1c3eff7f7cb4704225b380c61  ./forgenet_genesis_memory.py
eb489b18d0eff0cf60ae52d517d019d0358c7b094742da6a5c8429e3889d6396  ./forgenet_webui.py
aec29d22b5f5a51d9bae04fd5c8904485d222d4205e5a6deb175a4085c09d1ca  ./forgevision_autorun.sh
6473513f1cdf2e3de79b5d8c11397fed724805749d1ef275a91698ec4d001424  ./forgevision_databridge.py
b6e200da49c179a7f9dfa26af2e78a2c91cf70fed67e97a41277107e9574b19b  ./forgenet_integrity_check.sh
f8271feed1f28ba349d85866d93442ee3b8e2f147a1a23fb270993262268dfad  ./forgenet_cognitive_insight.sh
67da80398b5a050cb4f2030d026d08e2f9ac6802cf7b0bef9e64293bbd7ec654  ./forgenet_insight_narrator.py
d22ba8887721f6f10185d8e59a047600567655aefe889bc74112fc3f91f5e92a  ./forgevision_live.sh
43828041dcab609f8a0b01a3e40ffb3a38f76389806ec03d7e98985a0415d6d3  ./forgevision_analytics.py
e4f3399cf8db4acae84f43edb0f1388bd4c1454c6c112342a65ca2cc23c70981  ./forgenet_voice.py
013e87569bd4da310212f7d75ba3b0290049d07d059f7aa7f3def390d660d0e9  ./forgenet_selfheal.sh
2faa86ca088f3063fa31d047af2dde4dbd9ca79c7d78e5c887189d3fba41bfcf  ./forgenet_cognitive_dashboard.py
2777523d716cb058cb41fbe04f72ddf1a01e01f1c144f865ff32304de325bca3  ./forgenet_integrity_verifier.sh
51ef8ffc7c7e4d9146861d3b5d7d9c8c04200906c43fb77778de62287b01f8ad  ./forgevision_insight_panel.sh
4a0c62c4e2313ef91084fd533f94c54d28f17e59b4e02f3bff5448953fecc8c4  ./forgenet_intelligence_historian.sh
17cdb0f80c40933c9c26f504af3b7769946f28fd51ce060856dcdeef8880cbe2  ./forgenet_adaptive_intel.sh
d14659c2e2011c814725d5b2ddc7a51ee3e67889a578471417d0ca36c9b09a62  ./forgeseal.sh
✅ Integrity snapshot complete — 81 scripts hashed.
============================================================
